../Core/Src/main.c:124:5:main	24	static
../Core/Src/main.c:221:6:SystemClock_Config	96	static
../Core/Src/main.c:271:13:MX_DAC1_Init	48	static
../Core/Src/main.c:314:13:MX_I2C1_Init	8	static
../Core/Src/main.c:362:13:MX_TIM2_Init	40	static
../Core/Src/main.c:407:13:MX_USART2_UART_Init	8	static
../Core/Src/main.c:440:13:MX_DMA_Init	16	static
../Core/Src/main.c:458:13:MX_GPIO_Init	48	static
../Core/Src/main.c:497:6:calcsin	16	static
../Core/Src/main.c:504:6:HAL_GPIO_EXTI_Callback	16	static
../Core/Src/main.c:511:6:HAL_UART_RxCpltCallback	24	static
../Core/Src/main.c:525:6:printToSerial	8	static
../Core/Src/main.c:535:6:parseCommand	32	static
../Core/Src/main.c:609:6:Error_Handler	4	static,ignoring_inline_asm
