Archive member included to satisfy reference by file (symbol)

c:/st/stm32cubeide_1.10.1/stm32cubeide/plugins/com.st.stm32cube.ide.mcu.externaltools.gnu-tools-for-stm32.10.3-2021.10.win32_1.0.0.202111181127/tools/bin/../lib/gcc/arm-none-eabi/10.3.1/../../../../arm-none-eabi/lib/thumb/v7e-m+fp/hard\libc_nano.a(lib_a-errno.o)
                              ./Core/Src/syscalls.o (__errno)
c:/st/stm32cubeide_1.10.1/stm32cubeide/plugins/com.st.stm32cube.ide.mcu.externaltools.gnu-tools-for-stm32.10.3-2021.10.win32_1.0.0.202111181127/tools/bin/../lib/gcc/arm-none-eabi/10.3.1/../../../../arm-none-eabi/lib/thumb/v7e-m+fp/hard\libc_nano.a(lib_a-exit.o)
                              c:/st/stm32cubeide_1.10.1/stm32cubeide/plugins/com.st.stm32cube.ide.mcu.externaltools.gnu-tools-for-stm32.10.3-2021.10.win32_1.0.0.202111181127/tools/bin/../lib/gcc/arm-none-eabi/10.3.1/../../../../arm-none-eabi/lib/thumb/v7e-m+fp/hard/crt0.o (exit)
c:/st/stm32cubeide_1.10.1/stm32cubeide/plugins/com.st.stm32cube.ide.mcu.externaltools.gnu-tools-for-stm32.10.3-2021.10.win32_1.0.0.202111181127/tools/bin/../lib/gcc/arm-none-eabi/10.3.1/../../../../arm-none-eabi/lib/thumb/v7e-m+fp/hard\libc_nano.a(lib_a-impure.o)
                              c:/st/stm32cubeide_1.10.1/stm32cubeide/plugins/com.st.stm32cube.ide.mcu.externaltools.gnu-tools-for-stm32.10.3-2021.10.win32_1.0.0.202111181127/tools/bin/../lib/gcc/arm-none-eabi/10.3.1/../../../../arm-none-eabi/lib/thumb/v7e-m+fp/hard\libc_nano.a(lib_a-exit.o) (_global_impure_ptr)
c:/st/stm32cubeide_1.10.1/stm32cubeide/plugins/com.st.stm32cube.ide.mcu.externaltools.gnu-tools-for-stm32.10.3-2021.10.win32_1.0.0.202111181127/tools/bin/../lib/gcc/arm-none-eabi/10.3.1/../../../../arm-none-eabi/lib/thumb/v7e-m+fp/hard\libc_nano.a(lib_a-init.o)
                              c:/st/stm32cubeide_1.10.1/stm32cubeide/plugins/com.st.stm32cube.ide.mcu.externaltools.gnu-tools-for-stm32.10.3-2021.10.win32_1.0.0.202111181127/tools/bin/../lib/gcc/arm-none-eabi/10.3.1/../../../../arm-none-eabi/lib/thumb/v7e-m+fp/hard/crt0.o (__libc_init_array)
c:/st/stm32cubeide_1.10.1/stm32cubeide/plugins/com.st.stm32cube.ide.mcu.externaltools.gnu-tools-for-stm32.10.3-2021.10.win32_1.0.0.202111181127/tools/bin/../lib/gcc/arm-none-eabi/10.3.1/../../../../arm-none-eabi/lib/thumb/v7e-m+fp/hard\libc_nano.a(lib_a-memcpy-stub.o)
                              ./VL53L1X_API/core/src/vl53l1_api.o (memcpy)
c:/st/stm32cubeide_1.10.1/stm32cubeide/plugins/com.st.stm32cube.ide.mcu.externaltools.gnu-tools-for-stm32.10.3-2021.10.win32_1.0.0.202111181127/tools/bin/../lib/gcc/arm-none-eabi/10.3.1/../../../../arm-none-eabi/lib/thumb/v7e-m+fp/hard\libc_nano.a(lib_a-memset.o)
                              c:/st/stm32cubeide_1.10.1/stm32cubeide/plugins/com.st.stm32cube.ide.mcu.externaltools.gnu-tools-for-stm32.10.3-2021.10.win32_1.0.0.202111181127/tools/bin/../lib/gcc/arm-none-eabi/10.3.1/../../../../arm-none-eabi/lib/thumb/v7e-m+fp/hard/crt0.o (memset)
c:/st/stm32cubeide_1.10.1/stm32cubeide/plugins/com.st.stm32cube.ide.mcu.externaltools.gnu-tools-for-stm32.10.3-2021.10.win32_1.0.0.202111181127/tools/bin/../lib/gcc/arm-none-eabi/10.3.1/../../../../arm-none-eabi/lib/thumb/v7e-m+fp/hard\libc_nano.a(lib_a-nano-vfprintf_float.o)
                              (_printf_float)
c:/st/stm32cubeide_1.10.1/stm32cubeide/plugins/com.st.stm32cube.ide.mcu.externaltools.gnu-tools-for-stm32.10.3-2021.10.win32_1.0.0.202111181127/tools/bin/../lib/gcc/arm-none-eabi/10.3.1/../../../../arm-none-eabi/lib/thumb/v7e-m+fp/hard\libc_nano.a(lib_a-nano-vfprintf_i.o)
                              c:/st/stm32cubeide_1.10.1/stm32cubeide/plugins/com.st.stm32cube.ide.mcu.externaltools.gnu-tools-for-stm32.10.3-2021.10.win32_1.0.0.202111181127/tools/bin/../lib/gcc/arm-none-eabi/10.3.1/../../../../arm-none-eabi/lib/thumb/v7e-m+fp/hard\libc_nano.a(lib_a-nano-vfprintf_float.o) (_printf_common)
c:/st/stm32cubeide_1.10.1/stm32cubeide/plugins/com.st.stm32cube.ide.mcu.externaltools.gnu-tools-for-stm32.10.3-2021.10.win32_1.0.0.202111181127/tools/bin/../lib/gcc/arm-none-eabi/10.3.1/../../../../arm-none-eabi/lib/thumb/v7e-m+fp/hard\libc_nano.a(lib_a-snprintf.o)
                              ./Core/Src/VL53L1_functions.o (snprintf)
c:/st/stm32cubeide_1.10.1/stm32cubeide/plugins/com.st.stm32cube.ide.mcu.externaltools.gnu-tools-for-stm32.10.3-2021.10.win32_1.0.0.202111181127/tools/bin/../lib/gcc/arm-none-eabi/10.3.1/../../../../arm-none-eabi/lib/thumb/v7e-m+fp/hard\libc_nano.a(lib_a-sprintf.o)
                              ./Core/Src/VL53L1_functions.o (sprintf)
c:/st/stm32cubeide_1.10.1/stm32cubeide/plugins/com.st.stm32cube.ide.mcu.externaltools.gnu-tools-for-stm32.10.3-2021.10.win32_1.0.0.202111181127/tools/bin/../lib/gcc/arm-none-eabi/10.3.1/../../../../arm-none-eabi/lib/thumb/v7e-m+fp/hard\libc_nano.a(lib_a-sscanf.o)
                              ./Core/Src/main.o (sscanf)
[...]
Memory Configuration

Name             Origin             Length             Attributes
RAM              0x0000000020000000 0x0000000000018000 xrw
RAM2             0x0000000010000000 0x0000000000008000 xrw
FLASH            0x0000000008000000 0x0000000000100000 xr
*default*        0x0000000000000000 0xffffffffffffffff

Linker script and memory map

LOAD c:/st/stm32cubeide_1.10.1/stm32cubeide/plugins/com.st.stm32cube.ide.mcu.externaltools.gnu-tools-for-stm32.10.3-2021.10.win32_1.0.0.202111181127/tools/bin/../lib/gcc/arm-none-eabi/10.3.1/thumb/v7e-m+fp/hard/crti.o
LOAD c:/st/stm32cubeide_1.10.1/stm32cubeide/plugins/com.st.stm32cube.ide.mcu.externaltools.gnu-tools-for-stm32.10.3-2021.10.win32_1.0.0.202111181127/tools/bin/../lib/gcc/arm-none-eabi/10.3.1/thumb/v7e-m+fp/hard/crtbegin.o
LOAD c:/st/stm32cubeide_1.10.1/stm32cubeide/plugins/com.st.stm32cube.ide.mcu.externaltools.gnu-tools-for-stm32.10.3-2021.10.win32_1.0.0.202111181127/tools/bin/../lib/gcc/arm-none-eabi/10.3.1/../../../../arm-none-eabi/lib/thumb/v7e-m+fp/hard/crt0.o
LOAD ./Core/Src/VL53L1_functions.o
LOAD ./Core/Src/main.o
LOAD ./Core/Src/stm32l4xx_hal_msp.o
LOAD ./Core/Src/stm32l4xx_it.o
LOAD ./Core/Src/syscalls.o
LOAD ./Core/Src/sysmem.o
LOAD ./Core/Src/system_stm32l4xx.o
LOAD ./Core/Startup/startup_stm32l476rgtx.o
LOAD ./Drivers/STM32L4xx_HAL_Driver/Src/stm32l4xx_hal.o
LOAD ./Drivers/STM32L4xx_HAL_Driver/Src/stm32l4xx_hal_cortex.o
LOAD ./Drivers/STM32L4xx_HAL_Driver/Src/stm32l4xx_hal_dac.o
LOAD ./Drivers/STM32L4xx_HAL_Driver/Src/stm32l4xx_hal_dac_ex.o
LOAD ./Drivers/STM32L4xx_HAL_Driver/Src/stm32l4xx_hal_dma.o
LOAD ./Drivers/STM32L4xx_HAL_Driver/Src/stm32l4xx_hal_dma_ex.o
LOAD ./Drivers/STM32L4xx_HAL_Driver/Src/stm32l4xx_hal_exti.o
LOAD ./Drivers/STM32L4xx_HAL_Driver/Src/stm32l4xx_hal_flash.o
LOAD ./Drivers/STM32L4xx_HAL_Driver/Src/stm32l4xx_hal_flash_ex.o
LOAD ./Drivers/STM32L4xx_HAL_Driver/Src/stm32l4xx_hal_flash_ramfunc.o
LOAD ./Drivers/STM32L4xx_HAL_Driver/Src/stm32l4xx_hal_gpio.o
LOAD ./Drivers/STM32L4xx_HAL_Driver/Src/stm32l4xx_hal_i2c.o
LOAD ./Drivers/STM32L4xx_HAL_Driver/Src/stm32l4xx_hal_i2c_ex.o
LOAD ./Drivers/STM32L4xx_HAL_Driver/Src/stm32l4xx_hal_pwr.o
LOAD ./Drivers/STM32L4xx_HAL_Driver/Src/stm32l4xx_hal_pwr_ex.o
LOAD ./Drivers/STM32L4xx_HAL_Driver/Src/stm32l4xx_hal_rcc.o
LOAD ./Drivers/STM32L4xx_HAL_Driver/Src/stm32l4xx_hal_rcc_ex.o
LOAD ./Drivers/STM32L4xx_HAL_Driver/Src/stm32l4xx_hal_tim.o
LOAD ./Drivers/STM32L4xx_HAL_Driver/Src/stm32l4xx_hal_tim_ex.o
LOAD ./Drivers/STM32L4xx_HAL_Driver/Src/stm32l4xx_hal_uart.o
LOAD ./Drivers/STM32L4xx_HAL_Driver/Src/stm32l4xx_hal_uart_ex.o
LOAD ./VL53L1X_API/core/src/vl53l1_api.o
LOAD ./VL53L1X_API/core/src/vl53l1_api_calibration.o
LOAD ./VL53L1X_API/core/src/vl53l1_api_core.o
LOAD ./VL53L1X_API/core/src/vl53l1_api_debug.o
LOAD ./VL53L1X_API/core/src/vl53l1_api_preset_modes.o
LOAD ./VL53L1X_API/core/src/vl53l1_api_strings.o
LOAD ./VL53L1X_API/core/src/vl53l1_core.o
LOAD ./VL53L1X_API/core/src/vl53l1_core_support.o
LOAD ./VL53L1X_API/core/src/vl53l1_error_strings.o
LOAD ./VL53L1X_API/core/src/vl53l1_register_funcs.o
LOAD ./VL53L1X_API/core/src/vl53l1_silicon_core.o
LOAD ./VL53L1X_API/core/src/vl53l1_wait.o
LOAD ./VL53L1X_API/platform/src/vl53l1_platform.o
LOAD ./VL53L1X_API/platform/src/vl53l1_platform_init.o
LOAD ./VL53L1X_API/platform/src/vl53l1_platform_log.o
START GROUP
LOAD c:/st/stm32cubeide_1.10.1/stm32cubeide/plugins/com.st.stm32cube.ide.mcu.externaltools.gnu-tools-for-stm32.10.3-2021.10.win32_1.0.0.202111181127/tools/bin/../lib/gcc/arm-none-eabi/10.3.1/../../../../arm-none-eabi/lib/thumb/v7e-m+fp/hard\libc_nano.a
LOAD c:/st/stm32cubeide_1.10.1/stm32cubeide/plugins/com.st.stm32cube.ide.mcu.externaltools.gnu-tools-for-stm32.10.3-2021.10.win32_1.0.0.202111181127/tools/bin/../lib/gcc/arm-none-eabi/10.3.1/../../../../arm-none-eabi/lib/thumb/v7e-m+fp/hard\libm.a
END GROUP
START GROUP
LOAD c:/st/stm32cubeide_1.10.1/stm32cubeide/plugins/com.st.stm32cube.ide.mcu.externaltools.gnu-tools-for-stm32.10.3-2021.10.win32_1.0.0.202111181127/tools/bin/../lib/gcc/arm-none-eabi/10.3.1/thumb/v7e-m+fp/hard\libgcc.a
LOAD c:/st/stm32cubeide_1.10.1/stm32cubeide/plugins/com.st.stm32cube.ide.mcu.externaltools.gnu-tools-for-stm32.10.3-2021.10.win32_1.0.0.202111181127/tools/bin/../lib/gcc/arm-none-eabi/10.3.1/../../../../arm-none-eabi/lib/thumb/v7e-m+fp/hard\libc_nano.a
END GROUP
START GROUP
LOAD c:/st/stm32cubeide_1.10.1/stm32cubeide/plugins/com.st.stm32cube.ide.mcu.externaltools.gnu-tools-for-stm32.10.3-2021.10.win32_1.0.0.202111181127/tools/bin/../lib/gcc/arm-none-eabi/10.3.1/thumb/v7e-m+fp/hard\libgcc.a
LOAD c:/st/stm32cubeide_1.10.1/stm32cubeide/plugins/com.st.stm32cube.ide.mcu.externaltools.gnu-tools-for-stm32.10.3-2021.10.win32_1.0.0.202111181127/tools/bin/../lib/gcc/arm-none-eabi/10.3.1/../../../../arm-none-eabi/lib/thumb/v7e-m+fp/hard\libc_nano.a
LOAD c:/st/stm32cubeide_1.10.1/stm32cubeide/plugins/com.st.stm32cube.ide.mcu.externaltools.gnu-tools-for-stm32.10.3-2021.10.win32_1.0.0.202111181127/tools/bin/../lib/gcc/arm-none-eabi/10.3.1/../../../../arm-none-eabi/lib/thumb/v7e-m+fp/hard\libnosys.a
END GROUP
START GROUP
LOAD c:/st/stm32cubeide_1.10.1/stm32cubeide/plugins/com.st.stm32cube.ide.mcu.externaltools.gnu-tools-for-stm32.10.3-2021.10.win32_1.0.0.202111181127/tools/bin/../lib/gcc/arm-none-eabi/10.3.1/thumb/v7e-m+fp/hard\libgcc.a
LOAD c:/st/stm32cubeide_1.10.1/stm32cubeide/plugins/com.st.stm32cube.ide.mcu.externaltools.gnu-tools-for-stm32.10.3-2021.10.win32_1.0.0.202111181127/tools/bin/../lib/gcc/arm-none-eabi/10.3.1/../../../../arm-none-eabi/lib/thumb/v7e-m+fp/hard\libc_nano.a
LOAD c:/st/stm32cubeide_1.10.1/stm32cubeide/plugins/com.st.stm32cube.ide.mcu.externaltools.gnu-tools-for-stm32.10.3-2021.10.win32_1.0.0.202111181127/tools/bin/../lib/gcc/arm-none-eabi/10.3.1/../../../../arm-none-eabi/lib/thumb/v7e-m+fp/hard\libnosys.a
END GROUP
LOAD c:/st/stm32cubeide_1.10.1/stm32cubeide/plugins/com.st.stm32cube.ide.mcu.externaltools.gnu-tools-for-stm32.10.3-2021.10.win32_1.0.0.202111181127/tools/bin/../lib/gcc/arm-none-eabi/10.3.1/thumb/v7e-m+fp/hard/crtend.o
LOAD c:/st/stm32cubeide_1.10.1/stm32cubeide/plugins/com.st.stm32cube.ide.mcu.externaltools.gnu-tools-for-stm32.10.3-2021.10.win32_1.0.0.202111181127/tools/bin/../lib/gcc/arm-none-eabi/10.3.1/thumb/v7e-m+fp/hard/crtn.o
                0x0000000020018000                _estack = (ORIGIN (RAM) + LENGTH (RAM))
                0x0000000000000200                _Min_Heap_Size = 0x200
                0x0000000000000400                _Min_Stack_Size = 0x400

.isr_vector     0x0000000008000000      0x188
                0x0000000008000000                . = ALIGN (0x4)
 *(.isr_vector)
 .isr_vector    0x0000000008000000      0x188 ./Core/Startup/startup_stm32l476rgtx.o
                0x0000000008000000                g_pfnVectors
                0x0000000008000188                . = ALIGN (0x4)

.text           0x0000000008000190    0x12c7c
                0x0000000008000190                . = ALIGN (0x4)
 *(.text)
 .text          0x0000000008000190       0x40 c:/st/stm32cubeide_1.10.1/stm32cubeide/plugins/com.st.stm32cube.ide.mcu.externaltools.gnu-tools-for-stm32.10.3-2021.10.win32_1.0.0.202111181127/tools/bin/../lib/gcc/arm-none-eabi/10.3.1/thumb/v7e-m+fp/hard/crtbegin.o
 .text          0x00000000080001d0       0x10 c:/st/stm32cubeide_1.10.1/stm32cubeide/plugins/com.st.stm32cube.ide.mcu.externaltools.gnu-tools-for-stm32.10.3-2021.10.win32_1.0.0.202111181127/tools/bin/../lib/gcc/arm-none-eabi/10.3.1/../../../../arm-none-eabi/lib/thumb/v7e-m+fp/hard\libc_nano.a(lib_a-strlen.o)
                0x00000000080001d0                strlen
 .text          0x00000000080001e0       0xa0 c:/st/stm32cubeide_1.10.1/stm32cubeide/plugins/com.st.stm32cube.ide.mcu.externaltools.gnu-tools-for-stm32.10.3-2021.10.win32_1.0.0.202111181127/tools/bin/../lib/gcc/arm-none-eabi/10.3.1/../../../../arm-none-eabi/lib/thumb/v7e-m+fp/hard\libc_nano.a(lib_a-memchr.o)
                0x00000000080001e0                memchr
 .text          0x0000000008000280      0x378 c:/st/stm32cubeide_1.10.1/stm32cubeide/plugins/com.st.stm32cube.ide.mcu.externaltools.gnu-tools-for-stm32.10.3-2021.10.win32_1.0.0.202111181127/tools/bin/../lib/gcc/arm-none-eabi/10.3.1/thumb/v7e-m+fp/hard\libgcc.a(_arm_addsubdf3.o)
                0x0000000008000280                __aeabi_drsub
                0x0000000008000288                __aeabi_dsub
                0x0000000008000288                __subdf3
                0x000000000800028c                __aeabi_dadd
                0x000000000800028c                __adddf3
                0x0000000008000504                __floatunsidf
                0x0000000008000504                __aeabi_ui2d
                0x0000000008000524                __floatsidf
                0x0000000008000524                __aeabi_i2d
                0x0000000008000548                __aeabi_f2d
                0x0000000008000548                __extendsfdf2
                0x000000000800058c                __floatundidf
                0x000000000800058c                __aeabi_ul2d
                0x000000000800059c                __floatdidf
                0x000000000800059c                __aeabi_l2d
 .text          0x00000000080005f8      0x424 c:/st/stm32cubeide_1.10.1/stm32cubeide/plugins/com.st.stm32cube.ide.mcu.externaltools.gnu-tools-for-stm32.10.3-2021.10.win32_1.0.0.202111181127/tools/bin/../lib/gcc/arm-none-eabi/10.3.1/thumb/v7e-m+fp/hard\libgcc.a(_arm_muldivdf3.o)
                0x00000000080005f8                __aeabi_dmul
                0x00000000080005f8                __muldf3
                0x000000000800084c                __divdf3
                0x000000000800084c                __aeabi_ddiv
 .text          0x0000000008000a1c      0x110 c:/st/stm32cubeide_1.10.1/stm32cubeide/plugins/com.st.stm32cube.ide.mcu.externaltools.gnu-tools-for-stm32.10.3-2021.10.win32_1.0.0.202111181127/tools/bin/../lib/gcc/arm-none-eabi/10.3.1/thumb/v7e-m+fp/hard\libgcc.a(_arm_cmpdf2.o)
                0x0000000008000a1c                __gtdf2
                0x0000000008000a1c                __gedf2
                0x0000000008000a24                __ltdf2
                0x0000000008000a24                __ledf2
                0x0000000008000a2c                __nedf2
                0x0000000008000a2c                __eqdf2
                0x0000000008000a2c                __cmpdf2
                0x0000000008000aa8                __aeabi_cdrcmple
                0x0000000008000ab8                __aeabi_cdcmpeq
                0x0000000008000ab8                __aeabi_cdcmple
                0x0000000008000ac8                __aeabi_dcmpeq
                0x0000000008000adc                __aeabi_dcmplt
                0x0000000008000af0                __aeabi_dcmple
                0x0000000008000b04                __aeabi_dcmpge
                0x0000000008000b18                __aeabi_dcmpgt
 .text          0x0000000008000b2c       0x2c c:/st/stm32cubeide_1.10.1/stm32cubeide/plugins/com.st.stm32cube.ide.mcu.externaltools.gnu-tools-for-stm32.10.3-2021.10.win32_1.0.0.202111181127/tools/bin/../lib/gcc/arm-none-eabi/10.3.1/thumb/v7e-m+fp/hard\libgcc.a(_arm_unorddf2.o)
                0x0000000008000b2c                __unorddf2
                0x0000000008000b2c                __aeabi_dcmpun
 .text          0x0000000008000b58       0x50 c:/st/stm32cubeide_1.10.1/stm32cubeide/plugins/com.st.stm32cube.ide.mcu.externaltools.gnu-tools-for-stm32.10.3-2021.10.win32_1.0.0.202111181127/tools/bin/../lib/gcc/arm-none-eabi/10.3.1/thumb/v7e-m+fp/hard\libgcc.a(_arm_fixdfsi.o)
                0x0000000008000b58                __aeabi_d2iz
                0x0000000008000b58                __fixdfsi
 .text          0x0000000008000ba8       0x40 c:/st/stm32cubeide_1.10.1/stm32cubeide/plugins/com.st.stm32cube.ide.mcu.externaltools.gnu-tools-for-stm32.10.3-2021.10.win32_1.0.0.202111181127/tools/bin/../lib/gcc/arm-none-eabi/10.3.1/thumb/v7e-m+fp/hard\libgcc.a(_arm_fixunsdfsi.o)
                0x0000000008000ba8                __aeabi_d2uiz
                0x0000000008000ba8                __fixunsdfsi
 .text          0x0000000008000be8       0x30 c:/st/stm32cubeide_1.10.1/stm32cubeide/plugins/com.st.stm32cube.ide.mcu.externaltools.gnu-tools-for-stm32.10.3-2021.10.win32_1.0.0.202111181127/tools/bin/../lib/gcc/arm-none-eabi/10.3.1/thumb/v7e-m+fp/hard\libgcc.a(_aeabi_uldivmod.o)
                0x0000000008000be8                __aeabi_uldivmod
 .text          0x0000000008000c18      0x2d0 c:/st/stm32cubeide_1.10.1/stm32cubeide/plugins/com.st.stm32cube.ide.mcu.externaltools.gnu-tools-for-stm32.10.3-2021.10.win32_1.0.0.202111181127/tools/bin/../lib/gcc/arm-none-eabi/10.3.1/thumb/v7e-m+fp/hard\libgcc.a(_udivmoddi4.o)
                0x0000000008000c18                __udivmoddi4
 .text          0x0000000008000ee8        0x4 c:/st/stm32cubeide_1.10.1/stm32cubeide/plugins/com.st.stm32cube.ide.mcu.externaltools.gnu-tools-for-stm32.10.3-2021.10.win32_1.0.0.202111181127/tools/bin/../lib/gcc/arm-none-eabi/10.3.1/thumb/v7e-m+fp/hard\libgcc.a(_dvmd_tls.o)
                0x0000000008000ee8                __aeabi_idiv0
                0x0000000008000ee8                __aeabi_ldiv0
 *(.text*)
 .text.SetupCommscanIseeDevice
                0x0000000008000eec      0x134 ./Core/Src/VL53L1_functions.o
                0x0000000008000eec                SetupCommscanIseeDevice
 .text.setupDeviceForSingleRanging
                0x0000000008001020       0xd0 ./Core/Src/VL53L1_functions.o
                0x0000000008001020                setupDeviceForSingleRanging
 .text.refSPADCalibration
                0x00000000080010f0       0xa0 ./Core/Src/VL53L1_functions.o
                0x00000000080010f0                refSPADCalibration
 .text.offsetCalibration
                0x0000000008001190       0xec ./Core/Src/VL53L1_functions.o
                0x0000000008001190                offsetCalibration
 .text.crossTalkCalibration
                0x000000000800127c       0x40 ./Core/Src/VL53L1_functions.o
                0x000000000800127c                crossTalkCalibration
 .text.takeSinglePollingMeasurement
                0x00000000080012bc       0xf0 ./Core/Src/VL53L1_functions.o
                0x00000000080012bc                takeSinglePollingMeasurement
 .text.takeMultiplePollingMeasurements
                0x00000000080013ac      0x24c ./Core/Src/VL53L1_functions.o
                0x00000000080013ac                takeMultiplePollingMeasurements
 .text.print_pal_error
                0x00000000080015f8       0x64 ./Core/Src/VL53L1_functions.o
                0x00000000080015f8                print_pal_error
 .text.print_range_status
                0x000000000800165c       0x64 ./Core/Src/VL53L1_functions.o
                0x000000000800165c                print_range_status
 .text.main     0x00000000080016c0      0x178 ./Core/Src/main.o
                0x00000000080016c0                main
 .text.SystemClock_Config
                0x0000000008001838       0xa2 ./Core/Src/main.o
                0x0000000008001838                SystemClock_Config
 *fill*         0x00000000080018da        0x2 
 .text.MX_DAC1_Init
                0x00000000080018dc       0x64 ./Core/Src/main.o
 .text.MX_I2C1_Init
                0x0000000008001940       0x80 ./Core/Src/main.o
 .text.MX_TIM2_Init
                0x00000000080019c0       0x98 ./Core/Src/main.o
 .text.MX_USART2_UART_Init
                0x0000000008001a58       0x60 ./Core/Src/main.o
 .text.MX_DMA_Init
                0x0000000008001ab8       0x3c ./Core/Src/main.o
 .text.MX_GPIO_Init
                0x0000000008001af4       0xfc ./Core/Src/main.o
 .text.calcsin  0x0000000008001bf0       0xcc ./Core/Src/main.o
                0x0000000008001bf0                calcsin
 .text.HAL_GPIO_EXTI_Callback
                0x0000000008001cbc       0x16 ./Core/Src/main.o
                0x0000000008001cbc                HAL_GPIO_EXTI_Callback
 *fill*         0x0000000008001cd2        0x2 
 .text.HAL_UART_RxCpltCallback
                0x0000000008001cd4       0x4c ./Core/Src/main.o
                0x0000000008001cd4                HAL_UART_RxCpltCallback
 .text.printToSerial
                0x0000000008001d20       0x24 ./Core/Src/main.o
                0x0000000008001d20                printToSerial
 .text.parseCommand
                0x0000000008001d44      0x1e8 ./Core/Src/main.o
                0x0000000008001d44                parseCommand
 .text.Error_Handler
                0x0000000008001f2c        0xa ./Core/Src/main.o
                0x0000000008001f2c                Error_Handler
 *fill*         0x0000000008001f36        0x2 
 .text.HAL_MspInit
                0x0000000008001f38       0x48 ./Core/Src/stm32l4xx_hal_msp.o
                0x0000000008001f38                HAL_MspInit
 .text.HAL_DAC_MspInit
                0x0000000008001f80       0xdc ./Core/Src/stm32l4xx_hal_msp.o
                0x0000000008001f80                HAL_DAC_MspInit
 .text.HAL_I2C_MspInit
                0x000000000800205c       0xbc ./Core/Src/stm32l4xx_hal_msp.o
                0x000000000800205c                HAL_I2C_MspInit
 .text.HAL_TIM_Base_MspInit
                0x0000000008002118       0x3c ./Core/Src/stm32l4xx_hal_msp.o
                0x0000000008002118                HAL_TIM_Base_MspInit
 .text.HAL_UART_MspInit
                0x0000000008002154       0xc8 ./Core/Src/stm32l4xx_hal_msp.o
                0x0000000008002154                HAL_UART_MspInit
 .text.NMI_Handler
                0x000000000800221c        0x6 ./Core/Src/stm32l4xx_it.o
                0x000000000800221c                NMI_Handler
 .text.HardFault_Handler
                0x0000000008002222        0x6 ./Core/Src/stm32l4xx_it.o
                0x0000000008002222                HardFault_Handler
 .text.MemManage_Handler
                0x0000000008002228        0x6 ./Core/Src/stm32l4xx_it.o
                0x0000000008002228                MemManage_Handler
 .text.BusFault_Handler
                0x000000000800222e        0x6 ./Core/Src/stm32l4xx_it.o
                0x000000000800222e                BusFault_Handler
 .text.UsageFault_Handler
                0x0000000008002234        0x6 ./Core/Src/stm32l4xx_it.o
                0x0000000008002234                UsageFault_Handler
 .text.SVC_Handler
                0x000000000800223a        0xe ./Core/Src/stm32l4xx_it.o
                0x000000000800223a                SVC_Handler
 .text.DebugMon_Handler
                0x0000000008002248        0xe ./Core/Src/stm32l4xx_it.o
                0x0000000008002248                DebugMon_Handler
 .text.PendSV_Handler
                0x0000000008002256        0xe ./Core/Src/stm32l4xx_it.o
                0x0000000008002256                PendSV_Handler
 .text.SysTick_Handler
                0x0000000008002264        0xc ./Core/Src/stm32l4xx_it.o
                0x0000000008002264                SysTick_Handler
 .text.DMA1_Channel3_IRQHandler
                0x0000000008002270       0x14 ./Core/Src/stm32l4xx_it.o
                0x0000000008002270                DMA1_Channel3_IRQHandler
 .text.USART2_IRQHandler
                0x0000000008002284       0x14 ./Core/Src/stm32l4xx_it.o
                0x0000000008002284                USART2_IRQHandler
 .text.EXTI15_10_IRQHandler
                0x0000000008002298       0x18 ./Core/Src/stm32l4xx_it.o
                0x0000000008002298                EXTI15_10_IRQHandler
 .text._getpid  0x00000000080022b0       0x10 ./Core/Src/syscalls.o
                0x00000000080022b0                _getpid
 .text._kill    0x00000000080022c0       0x20 ./Core/Src/syscalls.o
                0x00000000080022c0                _kill
 .text._exit    0x00000000080022e0       0x14 ./Core/Src/syscalls.o
                0x00000000080022e0                _exit
 .text._read    0x00000000080022f4       0x3a ./Core/Src/syscalls.o
                0x00000000080022f4                _read
 .text._write   0x000000000800232e       0x38 ./Core/Src/syscalls.o
                0x000000000800232e                _write
 .text._close   0x0000000008002366       0x18 ./Core/Src/syscalls.o
                0x0000000008002366                _close
 .text._fstat   0x000000000800237e       0x20 ./Core/Src/syscalls.o
                0x000000000800237e                _fstat
 .text._isatty  0x000000000800239e       0x16 ./Core/Src/syscalls.o
                0x000000000800239e                _isatty
 .text._lseek   0x00000000080023b4       0x1a ./Core/Src/syscalls.o
                0x00000000080023b4                _lseek
 *fill*         0x00000000080023ce        0x2 
 .text._sbrk    0x00000000080023d0       0x6c ./Core/Src/sysmem.o
                0x00000000080023d0                _sbrk
 .text.SystemInit
                0x000000000800243c       0x24 ./Core/Src/system_stm32l4xx.o
                0x000000000800243c                SystemInit
 .text.Reset_Handler
                0x0000000008002460       0x50 ./Core/Startup/startup_stm32l476rgtx.o
                0x0000000008002460                Reset_Handler
 .text.Default_Handler
                0x00000000080024b0        0x2 ./Core/Startup/startup_stm32l476rgtx.o
                0x00000000080024b0                RTC_Alarm_IRQHandler
                0x00000000080024b0                EXTI2_IRQHandler
                0x00000000080024b0                TIM8_TRG_COM_IRQHandler
                0x00000000080024b0                TIM8_CC_IRQHandler
                0x00000000080024b0                TIM1_CC_IRQHandler
                0x00000000080024b0                TSC_IRQHandler
                0x00000000080024b0                TAMP_STAMP_IRQHandler
                0x00000000080024b0                EXTI3_IRQHandler
                0x00000000080024b0                LPTIM2_IRQHandler
                0x00000000080024b0                DFSDM1_FLT1_IRQHandler
                0x00000000080024b0                I2C3_ER_IRQHandler
                0x00000000080024b0                DFSDM1_FLT2_IRQHandler
                0x00000000080024b0                EXTI0_IRQHandler
                0x00000000080024b0                I2C2_EV_IRQHandler
                0x00000000080024b0                CAN1_RX0_IRQHandler
                0x00000000080024b0                FPU_IRQHandler
                0x00000000080024b0                TIM1_UP_TIM16_IRQHandler
                0x00000000080024b0                ADC1_2_IRQHandler
                0x00000000080024b0                SPI1_IRQHandler
                0x00000000080024b0                TIM6_DAC_IRQHandler
                0x00000000080024b0                TIM8_UP_IRQHandler
                0x00000000080024b0                DMA2_Channel2_IRQHandler
                0x00000000080024b0                DMA1_Channel4_IRQHandler
                0x00000000080024b0                SAI2_IRQHandler
                0x00000000080024b0                DFSDM1_FLT3_IRQHandler
                0x00000000080024b0                USART3_IRQHandler
                0x00000000080024b0                DMA1_Channel7_IRQHandler
                0x00000000080024b0                CAN1_RX1_IRQHandler
                0x00000000080024b0                LCD_IRQHandler
                0x00000000080024b0                UART5_IRQHandler
                0x00000000080024b0                ADC3_IRQHandler
                0x00000000080024b0                TIM4_IRQHandler
                0x00000000080024b0                DMA2_Channel1_IRQHandler
                0x00000000080024b0                QUADSPI_IRQHandler
                0x00000000080024b0                I2C1_EV_IRQHandler
                0x00000000080024b0                DMA1_Channel6_IRQHandler
                0x00000000080024b0                UART4_IRQHandler
                0x00000000080024b0                DMA2_Channel4_IRQHandler
                0x00000000080024b0                TIM3_IRQHandler
                0x00000000080024b0                RCC_IRQHandler
                0x00000000080024b0                DMA1_Channel1_IRQHandler
                0x00000000080024b0                Default_Handler
                0x00000000080024b0                DMA2_Channel7_IRQHandler
                0x00000000080024b0                TIM7_IRQHandler
                0x00000000080024b0                SDMMC1_IRQHandler
                0x00000000080024b0                TIM5_IRQHandler
                0x00000000080024b0                I2C3_EV_IRQHandler
                0x00000000080024b0                EXTI9_5_IRQHandler
                0x00000000080024b0                RTC_WKUP_IRQHandler
                0x00000000080024b0                PVD_PVM_IRQHandler
                0x00000000080024b0                SPI2_IRQHandler
                0x00000000080024b0                CAN1_TX_IRQHandler
                0x00000000080024b0                DMA2_Channel5_IRQHandler
                0x00000000080024b0                DMA1_Channel5_IRQHandler
                0x00000000080024b0                EXTI4_IRQHandler
                0x00000000080024b0                RNG_IRQHandler
                0x00000000080024b0                TIM1_TRG_COM_TIM17_IRQHandler
                0x00000000080024b0                COMP_IRQHandler
                0x00000000080024b0                WWDG_IRQHandler
                0x00000000080024b0                LPUART1_IRQHandler
                0x00000000080024b0                DMA2_Channel6_IRQHandler
                0x00000000080024b0                TIM2_IRQHandler
                0x00000000080024b0                EXTI1_IRQHandler
                0x00000000080024b0                DFSDM1_FLT0_IRQHandler
                0x00000000080024b0                I2C2_ER_IRQHandler
                0x00000000080024b0                DMA1_Channel2_IRQHandler
                0x00000000080024b0                TIM8_BRK_IRQHandler
                0x00000000080024b0                CAN1_SCE_IRQHandler
                0x00000000080024b0                FLASH_IRQHandler
                0x00000000080024b0                USART1_IRQHandler
                0x00000000080024b0                OTG_FS_IRQHandler
                0x00000000080024b0                SPI3_IRQHandler
                0x00000000080024b0                I2C1_ER_IRQHandler
                0x00000000080024b0                FMC_IRQHandler
                0x00000000080024b0                SWPMI1_IRQHandler
                0x00000000080024b0                LPTIM1_IRQHandler
                0x00000000080024b0                SAI1_IRQHandler
                0x00000000080024b0                DMA2_Channel3_IRQHandler
                0x00000000080024b0                TIM1_BRK_TIM15_IRQHandler
 *fill*         0x00000000080024b2        0x2 
 .text.HAL_Init
                0x00000000080024b4       0x40 ./Drivers/STM32L4xx_HAL_Driver/Src/stm32l4xx_hal.o
                0x00000000080024b4                HAL_Init
 .text.HAL_InitTick
                0x00000000080024f4       0x78 ./Drivers/STM32L4xx_HAL_Driver/Src/stm32l4xx_hal.o
                0x00000000080024f4                HAL_InitTick
 .text.HAL_IncTick
                0x000000000800256c       0x28 ./Drivers/STM32L4xx_HAL_Driver/Src/stm32l4xx_hal.o
                0x000000000800256c                HAL_IncTick
 .text.HAL_GetTick
                0x0000000008002594       0x18 ./Drivers/STM32L4xx_HAL_Driver/Src/stm32l4xx_hal.o
                0x0000000008002594                HAL_GetTick
 .text.HAL_Delay
                0x00000000080025ac       0x48 ./Drivers/STM32L4xx_HAL_Driver/Src/stm32l4xx_hal.o
                0x00000000080025ac                HAL_Delay
 .text.__NVIC_SetPriorityGrouping
                0x00000000080025f4       0x48 ./Drivers/STM32L4xx_HAL_Driver/Src/stm32l4xx_hal_cortex.o
 .text.__NVIC_GetPriorityGrouping
                0x000000000800263c       0x1c ./Drivers/STM32L4xx_HAL_Driver/Src/stm32l4xx_hal_cortex.o
 .text.__NVIC_EnableIRQ
                0x0000000008002658       0x3c ./Drivers/STM32L4xx_HAL_Driver/Src/stm32l4xx_hal_cortex.o
 .text.__NVIC_SetPriority
                0x0000000008002694       0x54 ./Drivers/STM32L4xx_HAL_Driver/Src/stm32l4xx_hal_cortex.o
 .text.NVIC_EncodePriority
                0x00000000080026e8       0x66 ./Drivers/STM32L4xx_HAL_Driver/Src/stm32l4xx_hal_cortex.o
 *fill*         0x000000000800274e        0x2 
 .text.SysTick_Config
                0x0000000008002750       0x44 ./Drivers/STM32L4xx_HAL_Driver/Src/stm32l4xx_hal_cortex.o
 .text.HAL_NVIC_SetPriorityGrouping
                0x0000000008002794       0x16 ./Drivers/STM32L4xx_HAL_Driver/Src/stm32l4xx_hal_cortex.o
                0x0000000008002794                HAL_NVIC_SetPriorityGrouping
 .text.HAL_NVIC_SetPriority
                0x00000000080027aa       0x38 ./Drivers/STM32L4xx_HAL_Driver/Src/stm32l4xx_hal_cortex.o
                0x00000000080027aa                HAL_NVIC_SetPriority
 .text.HAL_NVIC_EnableIRQ
                0x00000000080027e2       0x1c ./Drivers/STM32L4xx_HAL_Driver/Src/stm32l4xx_hal_cortex.o
                0x00000000080027e2                HAL_NVIC_EnableIRQ
 .text.HAL_SYSTICK_Config
                0x00000000080027fe       0x18 ./Drivers/STM32L4xx_HAL_Driver/Src/stm32l4xx_hal_cortex.o
                0x00000000080027fe                HAL_SYSTICK_Config
 .text.HAL_DAC_Init
                0x0000000008002816       0x44 ./Drivers/STM32L4xx_HAL_Driver/Src/stm32l4xx_hal_dac.o
                0x0000000008002816                HAL_DAC_Init
 *fill*         0x000000000800285a        0x2 
 .text.HAL_DAC_Start_DMA
                0x000000000800285c      0x198 ./Drivers/STM32L4xx_HAL_Driver/Src/stm32l4xx_hal_dac.o
                0x000000000800285c                HAL_DAC_Start_DMA
 .text.HAL_DAC_Stop_DMA
                0x00000000080029f4       0x8a ./Drivers/STM32L4xx_HAL_Driver/Src/stm32l4xx_hal_dac.o
                0x00000000080029f4                HAL_DAC_Stop_DMA
 .text.HAL_DAC_SetValue
                0x0000000008002a7e       0x4a ./Drivers/STM32L4xx_HAL_Driver/Src/stm32l4xx_hal_dac.o
                0x0000000008002a7e                HAL_DAC_SetValue
 .text.HAL_DAC_ConvCpltCallbackCh1
                0x0000000008002ac8       0x14 ./Drivers/STM32L4xx_HAL_Driver/Src/stm32l4xx_hal_dac.o
                0x0000000008002ac8                HAL_DAC_ConvCpltCallbackCh1
 .text.HAL_DAC_ConvHalfCpltCallbackCh1
                0x0000000008002adc       0x14 ./Drivers/STM32L4xx_HAL_Driver/Src/stm32l4xx_hal_dac.o
                0x0000000008002adc                HAL_DAC_ConvHalfCpltCallbackCh1
 .text.HAL_DAC_ErrorCallbackCh1
                0x0000000008002af0       0x14 ./Drivers/STM32L4xx_HAL_Driver/Src/stm32l4xx_hal_dac.o
                0x0000000008002af0                HAL_DAC_ErrorCallbackCh1
 .text.HAL_DAC_ConfigChannel
                0x0000000008002b04      0x234 ./Drivers/STM32L4xx_HAL_Driver/Src/stm32l4xx_hal_dac.o
                0x0000000008002b04                HAL_DAC_ConfigChannel
 .text.DAC_DMAConvCpltCh1
                0x0000000008002d38       0x22 ./Drivers/STM32L4xx_HAL_Driver/Src/stm32l4xx_hal_dac.o
                0x0000000008002d38                DAC_DMAConvCpltCh1
 .text.DAC_DMAHalfConvCpltCh1
                0x0000000008002d5a       0x1c ./Drivers/STM32L4xx_HAL_Driver/Src/stm32l4xx_hal_dac.o
                0x0000000008002d5a                DAC_DMAHalfConvCpltCh1
 .text.DAC_DMAErrorCh1
                0x0000000008002d76       0x2e ./Drivers/STM32L4xx_HAL_Driver/Src/stm32l4xx_hal_dac.o
                0x0000000008002d76                DAC_DMAErrorCh1
 .text.HAL_DACEx_ConvCpltCallbackCh2
                0x0000000008002da4       0x14 ./Drivers/STM32L4xx_HAL_Driver/Src/stm32l4xx_hal_dac_ex.o
                0x0000000008002da4                HAL_DACEx_ConvCpltCallbackCh2
 .text.HAL_DACEx_ConvHalfCpltCallbackCh2
                0x0000000008002db8       0x14 ./Drivers/STM32L4xx_HAL_Driver/Src/stm32l4xx_hal_dac_ex.o
                0x0000000008002db8                HAL_DACEx_ConvHalfCpltCallbackCh2
 .text.HAL_DACEx_ErrorCallbackCh2
                0x0000000008002dcc       0x14 ./Drivers/STM32L4xx_HAL_Driver/Src/stm32l4xx_hal_dac_ex.o
                0x0000000008002dcc                HAL_DACEx_ErrorCallbackCh2
 .text.DAC_DMAConvCpltCh2
                0x0000000008002de0       0x22 ./Drivers/STM32L4xx_HAL_Driver/Src/stm32l4xx_hal_dac_ex.o
                0x0000000008002de0                DAC_DMAConvCpltCh2
 .text.DAC_DMAHalfConvCpltCh2
                0x0000000008002e02       0x1c ./Drivers/STM32L4xx_HAL_Driver/Src/stm32l4xx_hal_dac_ex.o
                0x0000000008002e02                DAC_DMAHalfConvCpltCh2
 .text.DAC_DMAErrorCh2
                0x0000000008002e1e       0x2e ./Drivers/STM32L4xx_HAL_Driver/Src/stm32l4xx_hal_dac_ex.o
                0x0000000008002e1e                DAC_DMAErrorCh2
 .text.HAL_DMA_Init
                0x0000000008002e4c      0x170 ./Drivers/STM32L4xx_HAL_Driver/Src/stm32l4xx_hal_dma.o
                0x0000000008002e4c                HAL_DMA_Init
 .text.HAL_DMA_Start_IT
                0x0000000008002fbc       0xc0 ./Drivers/STM32L4xx_HAL_Driver/Src/stm32l4xx_hal_dma.o
                0x0000000008002fbc                HAL_DMA_Start_IT
 .text.HAL_DMA_Abort
                0x000000000800307c       0x7c ./Drivers/STM32L4xx_HAL_Driver/Src/stm32l4xx_hal_dma.o
                0x000000000800307c                HAL_DMA_Abort
 .text.HAL_DMA_Abort_IT
                0x00000000080030f8       0x82 ./Drivers/STM32L4xx_HAL_Driver/Src/stm32l4xx_hal_dma.o
                0x00000000080030f8                HAL_DMA_Abort_IT
 .text.HAL_DMA_IRQHandler
                0x000000000800317a      0x15e ./Drivers/STM32L4xx_HAL_Driver/Src/stm32l4xx_hal_dma.o
                0x000000000800317a                HAL_DMA_IRQHandler
 .text.DMA_SetConfig
                0x00000000080032d8       0x60 ./Drivers/STM32L4xx_HAL_Driver/Src/stm32l4xx_hal_dma.o
 .text.HAL_GPIO_Init
                0x0000000008003338      0x354 ./Drivers/STM32L4xx_HAL_Driver/Src/stm32l4xx_hal_gpio.o
                0x0000000008003338                HAL_GPIO_Init
 .text.HAL_GPIO_WritePin
                0x000000000800368c       0x30 ./Drivers/STM32L4xx_HAL_Driver/Src/stm32l4xx_hal_gpio.o
                0x000000000800368c                HAL_GPIO_WritePin
 .text.HAL_GPIO_TogglePin
                0x00000000080036bc       0x34 ./Drivers/STM32L4xx_HAL_Driver/Src/stm32l4xx_hal_gpio.o
                0x00000000080036bc                HAL_GPIO_TogglePin
 .text.HAL_GPIO_EXTI_IRQHandler
                0x00000000080036f0       0x30 ./Drivers/STM32L4xx_HAL_Driver/Src/stm32l4xx_hal_gpio.o
                0x00000000080036f0                HAL_GPIO_EXTI_IRQHandler
 .text.HAL_I2C_Init
                0x0000000008003720      0x11e ./Drivers/STM32L4xx_HAL_Driver/Src/stm32l4xx_hal_i2c.o
                0x0000000008003720                HAL_I2C_Init
 *fill*         0x000000000800383e        0x2 
 .text.HAL_I2C_Master_Transmit
                0x0000000008003840      0x1e8 ./Drivers/STM32L4xx_HAL_Driver/Src/stm32l4xx_hal_i2c.o
                0x0000000008003840                HAL_I2C_Master_Transmit
 .text.HAL_I2C_Master_Receive
                0x0000000008003a28      0x1ec ./Drivers/STM32L4xx_HAL_Driver/Src/stm32l4xx_hal_i2c.o
                0x0000000008003a28                HAL_I2C_Master_Receive
 .text.HAL_I2C_IsDeviceReady
                0x0000000008003c14      0x20e ./Drivers/STM32L4xx_HAL_Driver/Src/stm32l4xx_hal_i2c.o
                0x0000000008003c14                HAL_I2C_IsDeviceReady
 .text.I2C_Flush_TXDR
                0x0000000008003e22       0x48 ./Drivers/STM32L4xx_HAL_Driver/Src/stm32l4xx_hal_i2c.o
 .text.I2C_WaitOnFlagUntilTimeout
                0x0000000008003e6a       0x80 ./Drivers/STM32L4xx_HAL_Driver/Src/stm32l4xx_hal_i2c.o
 .text.I2C_WaitOnTXISFlagUntilTimeout
                0x0000000008003eea       0x80 ./Drivers/STM32L4xx_HAL_Driver/Src/stm32l4xx_hal_i2c.o
 .text.I2C_WaitOnSTOPFlagUntilTimeout
                0x0000000008003f6a       0x78 ./Drivers/STM32L4xx_HAL_Driver/Src/stm32l4xx_hal_i2c.o
 *fill*         0x0000000008003fe2        0x2 
 .text.I2C_WaitOnRXNEFlagUntilTimeout
                0x0000000008003fe4       0xf4 ./Drivers/STM32L4xx_HAL_Driver/Src/stm32l4xx_hal_i2c.o
 .text.I2C_IsErrorOccurred
                0x00000000080040d8      0x1d8 ./Drivers/STM32L4xx_HAL_Driver/Src/stm32l4xx_hal_i2c.o
 .text.I2C_TransferConfig
                0x00000000080042b0       0x64 ./Drivers/STM32L4xx_HAL_Driver/Src/stm32l4xx_hal_i2c.o
 .text.HAL_I2CEx_ConfigAnalogFilter
                0x0000000008004314       0x96 ./Drivers/STM32L4xx_HAL_Driver/Src/stm32l4xx_hal_i2c_ex.o
                0x0000000008004314                HAL_I2CEx_ConfigAnalogFilter
 .text.HAL_I2CEx_ConfigDigitalFilter
                0x00000000080043aa       0x98 ./Drivers/STM32L4xx_HAL_Driver/Src/stm32l4xx_hal_i2c_ex.o
                0x00000000080043aa                HAL_I2CEx_ConfigDigitalFilter
 *fill*         0x0000000008004442        0x2 
 .text.HAL_PWREx_GetVoltageRange
                0x0000000008004444       0x1c ./Drivers/STM32L4xx_HAL_Driver/Src/stm32l4xx_hal_pwr_ex.o
                0x0000000008004444                HAL_PWREx_GetVoltageRange
 .text.HAL_PWREx_ControlVoltageScaling
                0x0000000008004460       0xac ./Drivers/STM32L4xx_HAL_Driver/Src/stm32l4xx_hal_pwr_ex.o
                0x0000000008004460                HAL_PWREx_ControlVoltageScaling
 .text.HAL_RCC_OscConfig
                0x000000000800450c      0x7b8 ./Drivers/STM32L4xx_HAL_Driver/Src/stm32l4xx_hal_rcc.o
                0x000000000800450c                HAL_RCC_OscConfig
 .text.HAL_RCC_ClockConfig
                0x0000000008004cc4      0x200 ./Drivers/STM32L4xx_HAL_Driver/Src/stm32l4xx_hal_rcc.o
                0x0000000008004cc4                HAL_RCC_ClockConfig
 .text.HAL_RCC_GetSysClockFreq
                0x0000000008004ec4      0x118 ./Drivers/STM32L4xx_HAL_Driver/Src/stm32l4xx_hal_rcc.o
                0x0000000008004ec4                HAL_RCC_GetSysClockFreq
 .text.HAL_RCC_GetHCLKFreq
                0x0000000008004fdc       0x18 ./Drivers/STM32L4xx_HAL_Driver/Src/stm32l4xx_hal_rcc.o
                0x0000000008004fdc                HAL_RCC_GetHCLKFreq
 .text.HAL_RCC_GetPCLK1Freq
                0x0000000008004ff4       0x2c ./Drivers/STM32L4xx_HAL_Driver/Src/stm32l4xx_hal_rcc.o
                0x0000000008004ff4                HAL_RCC_GetPCLK1Freq
 .text.HAL_RCC_GetPCLK2Freq
                0x0000000008005020       0x2c ./Drivers/STM32L4xx_HAL_Driver/Src/stm32l4xx_hal_rcc.o
                0x0000000008005020                HAL_RCC_GetPCLK2Freq
 .text.RCC_SetFlashLatencyFromMSIRange
                0x000000000800504c       0xc0 ./Drivers/STM32L4xx_HAL_Driver/Src/stm32l4xx_hal_rcc.o
 .text.HAL_RCCEx_PeriphCLKConfig
                0x000000000800510c      0x5d4 ./Drivers/STM32L4xx_HAL_Driver/Src/stm32l4xx_hal_rcc_ex.o
                0x000000000800510c                HAL_RCCEx_PeriphCLKConfig
 .text.RCCEx_PLLSAI1_Config
                0x00000000080056e0      0x1e8 ./Drivers/STM32L4xx_HAL_Driver/Src/stm32l4xx_hal_rcc_ex.o
 .text.RCCEx_PLLSAI2_Config
                0x00000000080058c8      0x1bc ./Drivers/STM32L4xx_HAL_Driver/Src/stm32l4xx_hal_rcc_ex.o
 .text.HAL_TIM_Base_Init
                0x0000000008005a84       0xae ./Drivers/STM32L4xx_HAL_Driver/Src/stm32l4xx_hal_tim.o
                0x0000000008005a84                HAL_TIM_Base_Init
 *fill*         0x0000000008005b32        0x2 
 .text.HAL_TIM_Base_Start
                0x0000000008005b34       0xd0 ./Drivers/STM32L4xx_HAL_Driver/Src/stm32l4xx_hal_tim.o
                0x0000000008005b34                HAL_TIM_Base_Start
 .text.HAL_TIM_ConfigClockSource
                0x0000000008005c04      0x192 ./Drivers/STM32L4xx_HAL_Driver/Src/stm32l4xx_hal_tim.o
                0x0000000008005c04                HAL_TIM_ConfigClockSource
 *fill*         0x0000000008005d96        0x2 
 .text.TIM_Base_SetConfig
                0x0000000008005d98      0x134 ./Drivers/STM32L4xx_HAL_Driver/Src/stm32l4xx_hal_tim.o
                0x0000000008005d98                TIM_Base_SetConfig
 .text.TIM_TI1_ConfigInputStage
                0x0000000008005ecc       0x5e ./Drivers/STM32L4xx_HAL_Driver/Src/stm32l4xx_hal_tim.o
 .text.TIM_TI2_ConfigInputStage
                0x0000000008005f2a       0x60 ./Drivers/STM32L4xx_HAL_Driver/Src/stm32l4xx_hal_tim.o
 .text.TIM_ITRx_SetConfig
                0x0000000008005f8a       0x36 ./Drivers/STM32L4xx_HAL_Driver/Src/stm32l4xx_hal_tim.o
 .text.TIM_ETR_SetConfig
                0x0000000008005fc0       0x40 ./Drivers/STM32L4xx_HAL_Driver/Src/stm32l4xx_hal_tim.o
                0x0000000008005fc0                TIM_ETR_SetConfig
 .text.HAL_TIMEx_MasterConfigSynchronization
                0x0000000008006000      0x110 ./Drivers/STM32L4xx_HAL_Driver/Src/stm32l4xx_hal_tim_ex.o
                0x0000000008006000                HAL_TIMEx_MasterConfigSynchronization
 .text.HAL_UART_Init
                0x0000000008006110       0x9c ./Drivers/STM32L4xx_HAL_Driver/Src/stm32l4xx_hal_uart.o
                0x0000000008006110                HAL_UART_Init
 .text.HAL_UART_Transmit
                0x00000000080061ac      0x128 ./Drivers/STM32L4xx_HAL_Driver/Src/stm32l4xx_hal_uart.o
                0x00000000080061ac                HAL_UART_Transmit
 .text.HAL_UART_Receive_IT
                0x00000000080062d4       0xac ./Drivers/STM32L4xx_HAL_Driver/Src/stm32l4xx_hal_uart.o
                0x00000000080062d4                HAL_UART_Receive_IT
 .text.HAL_UART_IRQHandler
                0x0000000008006380      0x5c4 ./Drivers/STM32L4xx_HAL_Driver/Src/stm32l4xx_hal_uart.o
                0x0000000008006380                HAL_UART_IRQHandler
 .text.HAL_UART_TxCpltCallback
                0x0000000008006944       0x14 ./Drivers/STM32L4xx_HAL_Driver/Src/stm32l4xx_hal_uart.o
                0x0000000008006944                HAL_UART_TxCpltCallback
 .text.HAL_UART_ErrorCallback
                0x0000000008006958       0x14 ./Drivers/STM32L4xx_HAL_Driver/Src/stm32l4xx_hal_uart.o
                0x0000000008006958                HAL_UART_ErrorCallback
 .text.HAL_UARTEx_RxEventCallback
                0x000000000800696c       0x18 ./Drivers/STM32L4xx_HAL_Driver/Src/stm32l4xx_hal_uart.o
                0x000000000800696c                HAL_UARTEx_RxEventCallback
 .text.UART_SetConfig
                0x0000000008006984      0x570 ./Drivers/STM32L4xx_HAL_Driver/Src/stm32l4xx_hal_uart.o
                0x0000000008006984                UART_SetConfig
 .text.UART_AdvFeatureConfig
                0x0000000008006ef4      0x144 ./Drivers/STM32L4xx_HAL_Driver/Src/stm32l4xx_hal_uart.o
                0x0000000008006ef4                UART_AdvFeatureConfig
 .text.UART_CheckIdleState
                0x0000000008007038       0x92 ./Drivers/STM32L4xx_HAL_Driver/Src/stm32l4xx_hal_uart.o
                0x0000000008007038                UART_CheckIdleState
 .text.UART_WaitOnFlagUntilTimeout
                0x00000000080070ca      0x188 ./Drivers/STM32L4xx_HAL_Driver/Src/stm32l4xx_hal_uart.o
                0x00000000080070ca                UART_WaitOnFlagUntilTimeout
 *fill*         0x0000000008007252        0x2 
 .text.UART_Start_Receive_IT
                0x0000000008007254      0x194 ./Drivers/STM32L4xx_HAL_Driver/Src/stm32l4xx_hal_uart.o
                0x0000000008007254                UART_Start_Receive_IT
 .text.UART_EndRxTransfer
                0x00000000080073e8       0xc6 ./Drivers/STM32L4xx_HAL_Driver/Src/stm32l4xx_hal_uart.o
 .text.UART_DMAAbortOnError
                0x00000000080074ae       0x2c ./Drivers/STM32L4xx_HAL_Driver/Src/stm32l4xx_hal_uart.o
 .text.UART_EndTransmit_IT
                0x00000000080074da       0x54 ./Drivers/STM32L4xx_HAL_Driver/Src/stm32l4xx_hal_uart.o
 .text.UART_RxISR_8BIT
                0x000000000800752e      0x160 ./Drivers/STM32L4xx_HAL_Driver/Src/stm32l4xx_hal_uart.o
 .text.UART_RxISR_16BIT
                0x000000000800768e      0x160 ./Drivers/STM32L4xx_HAL_Driver/Src/stm32l4xx_hal_uart.o
 .text.HAL_UARTEx_WakeupCallback
                0x00000000080077ee       0x14 ./Drivers/STM32L4xx_HAL_Driver/Src/stm32l4xx_hal_uart_ex.o
                0x00000000080077ee                HAL_UARTEx_WakeupCallback
 .text.VL53L1_nvm_enable
                0x0000000008007802       0xcc ./VL53L1X_API/core/src/vl53l1_api.o
 .text.VL53L1_nvm_read
                0x00000000080078ce       0xc4 ./VL53L1X_API/core/src/vl53l1_api.o
 .text.VL53L1_nvm_disable
                0x0000000008007992       0x6c ./VL53L1X_API/core/src/vl53l1_api.o
 .text.VL53L1_read_nvm_raw_data
                0x00000000080079fe       0x62 ./VL53L1X_API/core/src/vl53l1_api.o
 .text.SingleTargetXTalkCalibration
                0x0000000008007a60      0x28c ./VL53L1X_API/core/src/vl53l1_api.o
 .text.VL53L1_GetRangeStatusString
                0x0000000008007cec       0x2a ./VL53L1X_API/core/src/vl53l1_api.o
                0x0000000008007cec                VL53L1_GetRangeStatusString
 .text.VL53L1_GetPalErrorString
                0x0000000008007d16       0x2c ./VL53L1X_API/core/src/vl53l1_api.o
                0x0000000008007d16                VL53L1_GetPalErrorString
 .text.VL53L1_DataInit
                0x0000000008007d42       0x72 ./VL53L1X_API/core/src/vl53l1_api.o
                0x0000000008007d42                VL53L1_DataInit
 .text.VL53L1_StaticInit
                0x0000000008007db4       0x3e ./VL53L1X_API/core/src/vl53l1_api.o
                0x0000000008007db4                VL53L1_StaticInit
 *fill*         0x0000000008007df2        0x2 
 .text.ComputeDevicePresetMode
                0x0000000008007df4       0xd0 ./VL53L1X_API/core/src/vl53l1_api.o
 .text.SetPresetMode
                0x0000000008007ec4       0xde ./VL53L1X_API/core/src/vl53l1_api.o
 .text.VL53L1_SetPresetMode
                0x0000000008007fa2       0x8a ./VL53L1X_API/core/src/vl53l1_api.o
                0x0000000008007fa2                VL53L1_SetPresetMode
 .text.VL53L1_SetDistanceMode
                0x000000000800802c       0xea ./VL53L1X_API/core/src/vl53l1_api.o
                0x000000000800802c                VL53L1_SetDistanceMode
 *fill*         0x0000000008008116        0x2 
 .text.VL53L1_SetMeasurementTimingBudgetMicroSeconds
                0x0000000008008118      0x1c0 ./VL53L1X_API/core/src/vl53l1_api.o
                0x0000000008008118                VL53L1_SetMeasurementTimingBudgetMicroSeconds
 .text.VL53L1_GetMeasurementTimingBudgetMicroSeconds
                0x00000000080082d8      0x158 ./VL53L1X_API/core/src/vl53l1_api.o
                0x00000000080082d8                VL53L1_GetMeasurementTimingBudgetMicroSeconds
 .text.VL53L1_SetInterMeasurementPeriodMilliSeconds
                0x0000000008008430       0x40 ./VL53L1X_API/core/src/vl53l1_api.o
                0x0000000008008430                VL53L1_SetInterMeasurementPeriodMilliSeconds
 .text.VL53L1_GetInterMeasurementPeriodMilliSeconds
                0x0000000008008470       0x48 ./VL53L1X_API/core/src/vl53l1_api.o
                0x0000000008008470                VL53L1_GetInterMeasurementPeriodMilliSeconds
 .text.SetLimitValue
                0x00000000080084b8       0x52 ./VL53L1X_API/core/src/vl53l1_api.o
 .text.VL53L1_SetLimitCheckEnable
                0x000000000800850a       0x7c ./VL53L1X_API/core/src/vl53l1_api.o
                0x000000000800850a                VL53L1_SetLimitCheckEnable
 .text.VL53L1_GetLimitCheckEnable
                0x0000000008008586       0x46 ./VL53L1X_API/core/src/vl53l1_api.o
                0x0000000008008586                VL53L1_GetLimitCheckEnable
 .text.VL53L1_GetLimitCheckValue
                0x00000000080085cc       0xb2 ./VL53L1X_API/core/src/vl53l1_api.o
                0x00000000080085cc                VL53L1_GetLimitCheckValue
 .text.VL53L1_GetSequenceStepEnable
                0x000000000800867e       0x2e ./VL53L1X_API/core/src/vl53l1_api.o
                0x000000000800867e                VL53L1_GetSequenceStepEnable
 .text.VL53L1_StartMeasurement
                0x00000000080086ac       0xd8 ./VL53L1X_API/core/src/vl53l1_api.o
                0x00000000080086ac                VL53L1_StartMeasurement
 .text.VL53L1_StopMeasurement
                0x0000000008008784       0x44 ./VL53L1X_API/core/src/vl53l1_api.o
                0x0000000008008784                VL53L1_StopMeasurement
 .text.VL53L1_ClearInterruptAndStartMeasurement
                0x00000000080087c8       0x2c ./VL53L1X_API/core/src/vl53l1_api.o
                0x00000000080087c8                VL53L1_ClearInterruptAndStartMeasurement
 .text.VL53L1_GetMeasurementDataReady
                0x00000000080087f4       0x26 ./VL53L1X_API/core/src/vl53l1_api.o
                0x00000000080087f4                VL53L1_GetMeasurementDataReady
 .text.VL53L1_WaitMeasurementDataReady
                0x000000000800881a       0x26 ./VL53L1X_API/core/src/vl53l1_api.o
                0x000000000800881a                VL53L1_WaitMeasurementDataReady
 .text.ComputeRQL
                0x0000000008008840       0xf0 ./VL53L1X_API/core/src/vl53l1_api.o
 .text.ConvertStatusLite
                0x0000000008008930       0xa0 ./VL53L1X_API/core/src/vl53l1_api.o
 .text.SetSimpleData
                0x00000000080089d0      0x1c0 ./VL53L1X_API/core/src/vl53l1_api.o
 .text.VL53L1_GetRangingMeasurementData
                0x0000000008008b90       0x78 ./VL53L1X_API/core/src/vl53l1_api.o
                0x0000000008008b90                VL53L1_GetRangingMeasurementData
 .text.VL53L1_PerformRefSpadManagement
                0x0000000008008c08      0x110 ./VL53L1X_API/core/src/vl53l1_api.o
                0x0000000008008c08                VL53L1_PerformRefSpadManagement
 .text.VL53L1_PerformSingleTargetXTalkCalibration
                0x0000000008008d18       0x3c ./VL53L1X_API/core/src/vl53l1_api.o
                0x0000000008008d18                VL53L1_PerformSingleTargetXTalkCalibration
 .text.VL53L1_PerformOffsetSimpleCalibration
                0x0000000008008d54      0x218 ./VL53L1X_API/core/src/vl53l1_api.o
                0x0000000008008d54                VL53L1_PerformOffsetSimpleCalibration
 .text.VL53L1_SetCalibrationData
                0x0000000008008f6c      0x114 ./VL53L1X_API/core/src/vl53l1_api.o
                0x0000000008008f6c                VL53L1_SetCalibrationData
 .text.VL53L1_GetCalibrationData
                0x0000000008009080      0x10a ./VL53L1X_API/core/src/vl53l1_api.o
                0x0000000008009080                VL53L1_GetCalibrationData
 *fill*         0x000000000800918a        0x2 
 .text.VL53L1_LoadPatch
                0x000000000800918c      0x250 ./VL53L1X_API/core/src/vl53l1_api.o
 .text.VL53L1_UnloadPatch
                0x00000000080093dc       0x6a ./VL53L1X_API/core/src/vl53l1_api.o
 .text.VL53L1_run_ref_spad_char
                0x0000000008009446      0x192 ./VL53L1X_API/core/src/vl53l1_api_calibration.o
                0x0000000008009446                VL53L1_run_ref_spad_char
 .text.VL53L1_run_device_test
                0x00000000080095d8       0xe8 ./VL53L1X_API/core/src/vl53l1_api_calibration.o
                0x00000000080095d8                VL53L1_run_device_test
 .text.VL53L1_data_init
                0x00000000080096c0      0x13a ./VL53L1X_API/core/src/vl53l1_api_core.o
                0x00000000080096c0                VL53L1_data_init
 .text.VL53L1_read_p2p_data
                0x00000000080097fa      0x100 ./VL53L1X_API/core/src/vl53l1_api_core.o
                0x00000000080097fa                VL53L1_read_p2p_data
 *fill*         0x00000000080098fa        0x2 
 .text.VL53L1_set_part_to_part_data
                0x00000000080098fc       0xf4 ./VL53L1X_API/core/src/vl53l1_api_core.o
                0x00000000080098fc                VL53L1_set_part_to_part_data
 .text.VL53L1_get_part_to_part_data
                0x00000000080099f0       0xb0 ./VL53L1X_API/core/src/vl53l1_api_core.o
                0x00000000080099f0                VL53L1_get_part_to_part_data
 .text.VL53L1_set_inter_measurement_period_ms
                0x0000000008009aa0       0x52 ./VL53L1X_API/core/src/vl53l1_api_core.o
                0x0000000008009aa0                VL53L1_set_inter_measurement_period_ms
 .text.VL53L1_get_inter_measurement_period_ms
                0x0000000008009af2       0x4c ./VL53L1X_API/core/src/vl53l1_api_core.o
                0x0000000008009af2                VL53L1_get_inter_measurement_period_ms
 .text.VL53L1_set_timeouts_us
                0x0000000008009b3e       0x70 ./VL53L1X_API/core/src/vl53l1_api_core.o
                0x0000000008009b3e                VL53L1_set_timeouts_us
 .text.VL53L1_get_timeouts_us
                0x0000000008009bae       0xd6 ./VL53L1X_API/core/src/vl53l1_api_core.o
                0x0000000008009bae                VL53L1_get_timeouts_us
 .text.VL53L1_get_sequence_config_bit
                0x0000000008009c84       0x6e ./VL53L1X_API/core/src/vl53l1_api_core.o
                0x0000000008009c84                VL53L1_get_sequence_config_bit
 .text.VL53L1_set_user_zone
                0x0000000008009cf2       0x46 ./VL53L1X_API/core/src/vl53l1_api_core.o
                0x0000000008009cf2                VL53L1_set_user_zone
 .text.VL53L1_get_user_zone
                0x0000000008009d38       0x44 ./VL53L1X_API/core/src/vl53l1_api_core.o
                0x0000000008009d38                VL53L1_get_user_zone
 .text.VL53L1_get_mode_mitigation_roi
                0x0000000008009d7c       0x68 ./VL53L1X_API/core/src/vl53l1_api_core.o
                0x0000000008009d7c                VL53L1_get_mode_mitigation_roi
 .text.VL53L1_get_preset_mode_timing_cfg
                0x0000000008009de4      0x154 ./VL53L1X_API/core/src/vl53l1_api_core.o
                0x0000000008009de4                VL53L1_get_preset_mode_timing_cfg
 .text.VL53L1_set_preset_mode
                0x0000000008009f38      0x2ec ./VL53L1X_API/core/src/vl53l1_api_core.o
                0x0000000008009f38                VL53L1_set_preset_mode
 .text.VL53L1_enable_xtalk_compensation
                0x000000000800a224       0xb0 ./VL53L1X_API/core/src/vl53l1_api_core.o
                0x000000000800a224                VL53L1_enable_xtalk_compensation
 .text.VL53L1_disable_xtalk_compensation
                0x000000000800a2d4       0x64 ./VL53L1X_API/core/src/vl53l1_api_core.o
                0x000000000800a2d4                VL53L1_disable_xtalk_compensation
 .text.VL53L1_get_lite_sigma_threshold
                0x000000000800a338       0x2c ./VL53L1X_API/core/src/vl53l1_api_core.o
                0x000000000800a338                VL53L1_get_lite_sigma_threshold
 .text.VL53L1_set_lite_sigma_threshold
                0x000000000800a364       0x2c ./VL53L1X_API/core/src/vl53l1_api_core.o
                0x000000000800a364                VL53L1_set_lite_sigma_threshold
 .text.VL53L1_get_lite_min_count_rate
                0x000000000800a390       0x2c ./VL53L1X_API/core/src/vl53l1_api_core.o
                0x000000000800a390                VL53L1_get_lite_min_count_rate
 .text.VL53L1_set_lite_min_count_rate
                0x000000000800a3bc       0x2c ./VL53L1X_API/core/src/vl53l1_api_core.o
                0x000000000800a3bc                VL53L1_set_lite_min_count_rate
 .text.VL53L1_set_vhv_loopbound
                0x000000000800a3e8       0x40 ./VL53L1X_API/core/src/vl53l1_api_core.o
                0x000000000800a3e8                VL53L1_set_vhv_loopbound
 .text.VL53L1_init_and_start_range
                0x000000000800a428      0x4c4 ./VL53L1X_API/core/src/vl53l1_api_core.o
                0x000000000800a428                VL53L1_init_and_start_range
 .text.VL53L1_stop_range
                0x000000000800a8ec       0x74 ./VL53L1X_API/core/src/vl53l1_api_core.o
                0x000000000800a8ec                VL53L1_stop_range
 .text.VL53L1_get_measurement_results
                0x000000000800a960      0x178 ./VL53L1X_API/core/src/vl53l1_api_core.o
                0x000000000800a960                VL53L1_get_measurement_results
 .text.VL53L1_get_device_results
                0x000000000800aad8       0xe0 ./VL53L1X_API/core/src/vl53l1_api_core.o
                0x000000000800aad8                VL53L1_get_device_results
 .text.VL53L1_clear_interrupt_and_enable_next_range
                0x000000000800abb8       0x34 ./VL53L1X_API/core/src/vl53l1_api_core.o
                0x000000000800abb8                VL53L1_clear_interrupt_and_enable_next_range
 .text.VL53L1_copy_sys_and_core_results_to_range_results
                0x000000000800abec      0x234 ./VL53L1X_API/core/src/vl53l1_api_core.o
                0x000000000800abec                VL53L1_copy_sys_and_core_results_to_range_results
 .text.VL53L1_get_tuning_parm
                0x000000000800ae20      0x448 ./VL53L1X_API/core/src/vl53l1_api_core.o
                0x000000000800ae20                VL53L1_get_tuning_parm
 .text.VL53L1_init_refspadchar_config_struct
                0x000000000800b268       0x48 ./VL53L1X_API/core/src/vl53l1_api_preset_modes.o
                0x000000000800b268                VL53L1_init_refspadchar_config_struct
 .text.VL53L1_init_ssc_config_struct
                0x000000000800b2b0       0x42 ./VL53L1X_API/core/src/vl53l1_api_preset_modes.o
                0x000000000800b2b0                VL53L1_init_ssc_config_struct
 .text.VL53L1_init_xtalk_config_struct
                0x000000000800b2f2       0xc4 ./VL53L1X_API/core/src/vl53l1_api_preset_modes.o
                0x000000000800b2f2                VL53L1_init_xtalk_config_struct
 .text.VL53L1_init_offset_cal_config_struct
                0x000000000800b3b6       0x4e ./VL53L1X_API/core/src/vl53l1_api_preset_modes.o
                0x000000000800b3b6                VL53L1_init_offset_cal_config_struct
 .text.VL53L1_init_tuning_parm_storage_struct
                0x000000000800b404      0x11e ./VL53L1X_API/core/src/vl53l1_api_preset_modes.o
                0x000000000800b404                VL53L1_init_tuning_parm_storage_struct
 .text.VL53L1_preset_mode_standard_ranging
                0x000000000800b522      0x23c ./VL53L1X_API/core/src/vl53l1_api_preset_modes.o
                0x000000000800b522                VL53L1_preset_mode_standard_ranging
 .text.VL53L1_preset_mode_standard_ranging_short_range
                0x000000000800b75e       0x82 ./VL53L1X_API/core/src/vl53l1_api_preset_modes.o
                0x000000000800b75e                VL53L1_preset_mode_standard_ranging_short_range
 .text.VL53L1_preset_mode_standard_ranging_long_range
                0x000000000800b7e0       0x82 ./VL53L1X_API/core/src/vl53l1_api_preset_modes.o
                0x000000000800b7e0                VL53L1_preset_mode_standard_ranging_long_range
 .text.VL53L1_preset_mode_standard_ranging_mm1_cal
                0x000000000800b862       0x4a ./VL53L1X_API/core/src/vl53l1_api_preset_modes.o
                0x000000000800b862                VL53L1_preset_mode_standard_ranging_mm1_cal
 .text.VL53L1_preset_mode_standard_ranging_mm2_cal
                0x000000000800b8ac       0x4a ./VL53L1X_API/core/src/vl53l1_api_preset_modes.o
                0x000000000800b8ac                VL53L1_preset_mode_standard_ranging_mm2_cal
 .text.VL53L1_preset_mode_timed_ranging
                0x000000000800b8f6       0x74 ./VL53L1X_API/core/src/vl53l1_api_preset_modes.o
                0x000000000800b8f6                VL53L1_preset_mode_timed_ranging
 .text.VL53L1_preset_mode_timed_ranging_short_range
                0x000000000800b96a       0x74 ./VL53L1X_API/core/src/vl53l1_api_preset_modes.o
                0x000000000800b96a                VL53L1_preset_mode_timed_ranging_short_range
 .text.VL53L1_preset_mode_timed_ranging_long_range
                0x000000000800b9de       0x74 ./VL53L1X_API/core/src/vl53l1_api_preset_modes.o
                0x000000000800b9de                VL53L1_preset_mode_timed_ranging_long_range
 .text.VL53L1_preset_mode_low_power_auto_ranging
                0x000000000800ba52       0x4c ./VL53L1X_API/core/src/vl53l1_api_preset_modes.o
                0x000000000800ba52                VL53L1_preset_mode_low_power_auto_ranging
 .text.VL53L1_preset_mode_low_power_auto_short_ranging
                0x000000000800ba9e       0x4c ./VL53L1X_API/core/src/vl53l1_api_preset_modes.o
                0x000000000800ba9e                VL53L1_preset_mode_low_power_auto_short_ranging
 .text.VL53L1_preset_mode_low_power_auto_long_ranging
                0x000000000800baea       0x4c ./VL53L1X_API/core/src/vl53l1_api_preset_modes.o
                0x000000000800baea                VL53L1_preset_mode_low_power_auto_long_ranging
 .text.VL53L1_preset_mode_singleshot_ranging
                0x000000000800bb36       0x6c ./VL53L1X_API/core/src/vl53l1_api_preset_modes.o
                0x000000000800bb36                VL53L1_preset_mode_singleshot_ranging
 .text.VL53L1_preset_mode_olt
                0x000000000800bba2       0x44 ./VL53L1X_API/core/src/vl53l1_api_preset_modes.o
                0x000000000800bba2                VL53L1_preset_mode_olt
 *fill*         0x000000000800bbe6        0x2 
 .text.VL53L1_get_range_status_string
                0x000000000800bbe8       0xbc ./VL53L1X_API/core/src/vl53l1_api_strings.o
                0x000000000800bbe8                VL53L1_get_range_status_string
 .text.VL53L1_init_version
                0x000000000800bca4       0x38 ./VL53L1X_API/core/src/vl53l1_core.o
                0x000000000800bca4                VL53L1_init_version
 .text.VL53L1_init_ll_driver_state
                0x000000000800bcdc       0x52 ./VL53L1X_API/core/src/vl53l1_core.o
                0x000000000800bcdc                VL53L1_init_ll_driver_state
 *fill*         0x000000000800bd2e        0x2 
 .text.VL53L1_update_ll_driver_rd_state
                0x000000000800bd30      0x110 ./VL53L1X_API/core/src/vl53l1_core.o
                0x000000000800bd30                VL53L1_update_ll_driver_rd_state
 .text.VL53L1_check_ll_driver_rd_state
                0x000000000800be40       0x96 ./VL53L1X_API/core/src/vl53l1_core.o
                0x000000000800be40                VL53L1_check_ll_driver_rd_state
 .text.VL53L1_update_ll_driver_cfg_state
                0x000000000800bed6       0xcc ./VL53L1X_API/core/src/vl53l1_core.o
                0x000000000800bed6                VL53L1_update_ll_driver_cfg_state
 .text.VL53L1_copy_rtn_good_spads_to_buffer
                0x000000000800bfa2      0x174 ./VL53L1X_API/core/src/vl53l1_core.o
                0x000000000800bfa2                VL53L1_copy_rtn_good_spads_to_buffer
 .text.VL53L1_i2c_encode_uint16_t
                0x000000000800c116       0x56 ./VL53L1X_API/core/src/vl53l1_core.o
                0x000000000800c116                VL53L1_i2c_encode_uint16_t
 .text.VL53L1_i2c_decode_uint16_t
                0x000000000800c16c       0x40 ./VL53L1X_API/core/src/vl53l1_core.o
                0x000000000800c16c                VL53L1_i2c_decode_uint16_t
 .text.VL53L1_i2c_encode_int16_t
                0x000000000800c1ac       0x58 ./VL53L1X_API/core/src/vl53l1_core.o
                0x000000000800c1ac                VL53L1_i2c_encode_int16_t
 .text.VL53L1_i2c_decode_int16_t
                0x000000000800c204       0x52 ./VL53L1X_API/core/src/vl53l1_core.o
                0x000000000800c204                VL53L1_i2c_decode_int16_t
 .text.VL53L1_i2c_encode_uint32_t
                0x000000000800c256       0x54 ./VL53L1X_API/core/src/vl53l1_core.o
                0x000000000800c256                VL53L1_i2c_encode_uint32_t
 .text.VL53L1_i2c_decode_uint32_t
                0x000000000800c2aa       0x3a ./VL53L1X_API/core/src/vl53l1_core.o
                0x000000000800c2aa                VL53L1_i2c_decode_uint32_t
 .text.VL53L1_i2c_decode_int32_t
                0x000000000800c2e4       0x4a ./VL53L1X_API/core/src/vl53l1_core.o
                0x000000000800c2e4                VL53L1_i2c_decode_int32_t
 .text.VL53L1_start_test
                0x000000000800c32e       0x34 ./VL53L1X_API/core/src/vl53l1_core.o
                0x000000000800c32e                VL53L1_start_test
 .text.VL53L1_set_firmware_enable_register
                0x000000000800c362       0x3c ./VL53L1X_API/core/src/vl53l1_core.o
                0x000000000800c362                VL53L1_set_firmware_enable_register
 .text.VL53L1_enable_firmware
                0x000000000800c39e       0x24 ./VL53L1X_API/core/src/vl53l1_core.o
                0x000000000800c39e                VL53L1_enable_firmware
 .text.VL53L1_disable_firmware
                0x000000000800c3c2       0x24 ./VL53L1X_API/core/src/vl53l1_core.o
                0x000000000800c3c2                VL53L1_disable_firmware
 .text.VL53L1_set_powerforce_register
                0x000000000800c3e6       0x3c ./VL53L1X_API/core/src/vl53l1_core.o
                0x000000000800c3e6                VL53L1_set_powerforce_register
 .text.VL53L1_enable_powerforce
                0x000000000800c422       0x24 ./VL53L1X_API/core/src/vl53l1_core.o
                0x000000000800c422                VL53L1_enable_powerforce
 .text.VL53L1_disable_powerforce
                0x000000000800c446       0x24 ./VL53L1X_API/core/src/vl53l1_core.o
                0x000000000800c446                VL53L1_disable_powerforce
 .text.VL53L1_clear_interrupt
                0x000000000800c46a       0x38 ./VL53L1X_API/core/src/vl53l1_core.o
                0x000000000800c46a                VL53L1_clear_interrupt
 .text.VL53L1_calc_macro_period_us
                0x000000000800c4a2       0x5e ./VL53L1X_API/core/src/vl53l1_core.o
                0x000000000800c4a2                VL53L1_calc_macro_period_us
 .text.VL53L1_calc_range_ignore_threshold
                0x000000000800c500       0xc4 ./VL53L1X_API/core/src/vl53l1_core.o
                0x000000000800c500                VL53L1_calc_range_ignore_threshold
 .text.VL53L1_calc_timeout_mclks
                0x000000000800c5c4       0x2e ./VL53L1X_API/core/src/vl53l1_core.o
                0x000000000800c5c4                VL53L1_calc_timeout_mclks
 .text.VL53L1_calc_encoded_timeout
                0x000000000800c5f2       0x30 ./VL53L1X_API/core/src/vl53l1_core.o
                0x000000000800c5f2                VL53L1_calc_encoded_timeout
 .text.VL53L1_calc_timeout_us
                0x000000000800c622       0x80 ./VL53L1X_API/core/src/vl53l1_core.o
                0x000000000800c622                VL53L1_calc_timeout_us
 *fill*         0x000000000800c6a2        0x2 
 .text.VL53L1_calc_crosstalk_plane_offset_with_margin
                0x000000000800c6a4       0x4c ./VL53L1X_API/core/src/vl53l1_core.o
                0x000000000800c6a4                VL53L1_calc_crosstalk_plane_offset_with_margin
 .text.VL53L1_calc_decoded_timeout_us
                0x000000000800c6f0       0x32 ./VL53L1X_API/core/src/vl53l1_core.o
                0x000000000800c6f0                VL53L1_calc_decoded_timeout_us
 .text.VL53L1_encode_timeout
                0x000000000800c722       0x58 ./VL53L1X_API/core/src/vl53l1_core.o
                0x000000000800c722                VL53L1_encode_timeout
 .text.VL53L1_decode_timeout
                0x000000000800c77a       0x2c ./VL53L1X_API/core/src/vl53l1_core.o
                0x000000000800c77a                VL53L1_decode_timeout
 .text.VL53L1_calc_timeout_register_values
                0x000000000800c7a6       0xf2 ./VL53L1X_API/core/src/vl53l1_core.o
                0x000000000800c7a6                VL53L1_calc_timeout_register_values
 .text.VL53L1_encode_row_col
                0x000000000800c898       0x4e ./VL53L1X_API/core/src/vl53l1_core.o
                0x000000000800c898                VL53L1_encode_row_col
 .text.VL53L1_decode_zone_size
                0x000000000800c8e6       0x30 ./VL53L1X_API/core/src/vl53l1_core.o
                0x000000000800c8e6                VL53L1_decode_zone_size
 .text.VL53L1_encode_zone_size
                0x000000000800c916       0x2c ./VL53L1X_API/core/src/vl53l1_core.o
                0x000000000800c916                VL53L1_encode_zone_size
 .text.VL53L1_set_ref_spad_char_config
                0x000000000800c942      0x13a ./VL53L1X_API/core/src/vl53l1_core.o
                0x000000000800c942                VL53L1_set_ref_spad_char_config
 .text.VL53L1_low_power_auto_data_init
                0x000000000800ca7c       0x68 ./VL53L1X_API/core/src/vl53l1_core.o
                0x000000000800ca7c                VL53L1_low_power_auto_data_init
 .text.VL53L1_low_power_auto_data_stop_range
                0x000000000800cae4       0x74 ./VL53L1X_API/core/src/vl53l1_core.o
                0x000000000800cae4                VL53L1_low_power_auto_data_stop_range
 .text.VL53L1_config_low_power_auto_mode
                0x000000000800cb58       0x32 ./VL53L1X_API/core/src/vl53l1_core.o
                0x000000000800cb58                VL53L1_config_low_power_auto_mode
 .text.VL53L1_low_power_auto_setup_manual_calibration
                0x000000000800cb8a       0x8a ./VL53L1X_API/core/src/vl53l1_core.o
                0x000000000800cb8a                VL53L1_low_power_auto_setup_manual_calibration
 .text.VL53L1_calc_pll_period_us
                0x000000000800cc14       0x28 ./VL53L1X_API/core/src/vl53l1_core_support.o
                0x000000000800cc14                VL53L1_calc_pll_period_us
 .text.VL53L1_decode_vcsel_period
                0x000000000800cc3c       0x26 ./VL53L1X_API/core/src/vl53l1_core_support.o
                0x000000000800cc3c                VL53L1_decode_vcsel_period
 .text.VL53L1_decode_row_col
                0x000000000800cc62       0x5e ./VL53L1X_API/core/src/vl53l1_core_support.o
                0x000000000800cc62                VL53L1_decode_row_col
 .text.VL53L1_get_pal_error_string
                0x000000000800ccc0       0x2c ./VL53L1X_API/core/src/vl53l1_error_strings.o
                0x000000000800ccc0                VL53L1_get_pal_error_string
 .text.VL53L1_i2c_encode_static_nvm_managed
                0x000000000800ccec       0xb6 ./VL53L1X_API/core/src/vl53l1_register_funcs.o
                0x000000000800ccec                VL53L1_i2c_encode_static_nvm_managed
 .text.VL53L1_i2c_decode_static_nvm_managed
                0x000000000800cda2       0xb4 ./VL53L1X_API/core/src/vl53l1_register_funcs.o
                0x000000000800cda2                VL53L1_i2c_decode_static_nvm_managed
 .text.VL53L1_get_static_nvm_managed
                0x000000000800ce56       0x4e ./VL53L1X_API/core/src/vl53l1_register_funcs.o
                0x000000000800ce56                VL53L1_get_static_nvm_managed
 .text.VL53L1_i2c_encode_customer_nvm_managed
                0x000000000800cea4      0x114 ./VL53L1X_API/core/src/vl53l1_register_funcs.o
                0x000000000800cea4                VL53L1_i2c_encode_customer_nvm_managed
 .text.VL53L1_i2c_decode_customer_nvm_managed
                0x000000000800cfb8      0x11a ./VL53L1X_API/core/src/vl53l1_register_funcs.o
                0x000000000800cfb8                VL53L1_i2c_decode_customer_nvm_managed
 .text.VL53L1_set_customer_nvm_managed
                0x000000000800d0d2       0x4e ./VL53L1X_API/core/src/vl53l1_register_funcs.o
                0x000000000800d0d2                VL53L1_set_customer_nvm_managed
 .text.VL53L1_get_customer_nvm_managed
                0x000000000800d120       0x4e ./VL53L1X_API/core/src/vl53l1_register_funcs.o
                0x000000000800d120                VL53L1_get_customer_nvm_managed
 .text.VL53L1_i2c_encode_static_config
                0x000000000800d16e      0x1c6 ./VL53L1X_API/core/src/vl53l1_register_funcs.o
                0x000000000800d16e                VL53L1_i2c_encode_static_config
 .text.VL53L1_i2c_encode_general_config
                0x000000000800d334      0x108 ./VL53L1X_API/core/src/vl53l1_register_funcs.o
                0x000000000800d334                VL53L1_i2c_encode_general_config
 .text.VL53L1_i2c_encode_timing_config
                0x000000000800d43c      0x104 ./VL53L1X_API/core/src/vl53l1_register_funcs.o
                0x000000000800d43c                VL53L1_i2c_encode_timing_config
 .text.VL53L1_i2c_encode_dynamic_config
                0x000000000800d540      0x10a ./VL53L1X_API/core/src/vl53l1_register_funcs.o
                0x000000000800d540                VL53L1_i2c_encode_dynamic_config
 .text.VL53L1_i2c_encode_system_control
                0x000000000800d64a       0x76 ./VL53L1X_API/core/src/vl53l1_register_funcs.o
                0x000000000800d64a                VL53L1_i2c_encode_system_control
 .text.VL53L1_set_system_control
                0x000000000800d6c0       0x4e ./VL53L1X_API/core/src/vl53l1_register_funcs.o
                0x000000000800d6c0                VL53L1_set_system_control
 .text.VL53L1_i2c_decode_system_results
                0x000000000800d70e      0x1ec ./VL53L1X_API/core/src/vl53l1_register_funcs.o
                0x000000000800d70e                VL53L1_i2c_decode_system_results
 .text.VL53L1_i2c_decode_core_results
                0x000000000800d8fa       0xc2 ./VL53L1X_API/core/src/vl53l1_register_funcs.o
                0x000000000800d8fa                VL53L1_i2c_decode_core_results
 .text.VL53L1_i2c_decode_debug_results
                0x000000000800d9bc      0x2e4 ./VL53L1X_API/core/src/vl53l1_register_funcs.o
                0x000000000800d9bc                VL53L1_i2c_decode_debug_results
 .text.VL53L1_i2c_decode_nvm_copy_data
                0x000000000800dca0      0x24c ./VL53L1X_API/core/src/vl53l1_register_funcs.o
                0x000000000800dca0                VL53L1_i2c_decode_nvm_copy_data
 .text.VL53L1_get_nvm_copy_data
                0x000000000800deec       0x56 ./VL53L1X_API/core/src/vl53l1_register_funcs.o
                0x000000000800deec                VL53L1_get_nvm_copy_data
 .text.VL53L1_wait_for_test_completion
                0x000000000800df42       0x70 ./VL53L1X_API/core/src/vl53l1_wait.o
                0x000000000800df42                VL53L1_wait_for_test_completion
 .text.VL53L1_is_new_data_ready
                0x000000000800dfb2       0x72 ./VL53L1X_API/core/src/vl53l1_wait.o
                0x000000000800dfb2                VL53L1_is_new_data_ready
 .text.VL53L1_poll_for_range_completion
                0x000000000800e024       0x5a ./VL53L1X_API/core/src/vl53l1_wait.o
                0x000000000800e024                VL53L1_poll_for_range_completion
 .text._I2CWrite
                0x000000000800e07e       0x3e ./VL53L1X_API/platform/src/vl53l1_platform.o
                0x000000000800e07e                _I2CWrite
 .text._I2CRead
                0x000000000800e0bc       0x44 ./VL53L1X_API/platform/src/vl53l1_platform.o
                0x000000000800e0bc                _I2CRead
 .text.VL53L1_WriteMulti
                0x000000000800e100       0x6c ./VL53L1X_API/platform/src/vl53l1_platform.o
                0x000000000800e100                VL53L1_WriteMulti
 .text.VL53L1_ReadMulti
                0x000000000800e16c       0x6c ./VL53L1X_API/platform/src/vl53l1_platform.o
                0x000000000800e16c                VL53L1_ReadMulti
 .text.VL53L1_WrByte
                0x000000000800e1d8       0x54 ./VL53L1X_API/platform/src/vl53l1_platform.o
                0x000000000800e1d8                VL53L1_WrByte
 .text.VL53L1_WrWord
                0x000000000800e22c       0x64 ./VL53L1X_API/platform/src/vl53l1_platform.o
                0x000000000800e22c                VL53L1_WrWord
 .text.VL53L1_RdByte
                0x000000000800e290       0x68 ./VL53L1X_API/platform/src/vl53l1_platform.o
                0x000000000800e290                VL53L1_RdByte
 .text.VL53L1_RdWord
                0x000000000800e2f8       0x80 ./VL53L1X_API/platform/src/vl53l1_platform.o
                0x000000000800e2f8                VL53L1_RdWord
 .text.VL53L1_GetTickCount
                0x000000000800e378       0x22 ./VL53L1X_API/platform/src/vl53l1_platform.o
                0x000000000800e378                VL53L1_GetTickCount
 .text.VL53L1_WaitMs
                0x000000000800e39a       0x1c ./VL53L1X_API/platform/src/vl53l1_platform.o
                0x000000000800e39a                VL53L1_WaitMs
 *fill*         0x000000000800e3b6        0x2 
 .text.VL53L1_WaitUs
                0x000000000800e3b8       0x2c ./VL53L1X_API/platform/src/vl53l1_platform.o
                0x000000000800e3b8                VL53L1_WaitUs
 .text.VL53L1_WaitValueMaskEx
                0x000000000800e3e4      0x154 ./VL53L1X_API/platform/src/vl53l1_platform.o
                0x000000000800e3e4                VL53L1_WaitValueMaskEx
 .text.__errno  0x000000000800e538        0xc c:/st/stm32cubeide_1.10.1/stm32cubeide/plugins/com.st.stm32cube.ide.mcu.externaltools.gnu-tools-for-stm32.10.3-2021.10.win32_1.0.0.202111181127/tools/bin/../lib/gcc/arm-none-eabi/10.3.1/../../../../arm-none-eabi/lib/thumb/v7e-m+fp/hard\libc_nano.a(lib_a-errno.o)
                0x000000000800e538                __errno
 .text.__libc_init_array
                0x000000000800e544       0x48 c:/st/stm32cubeide_1.10.1/stm32cubeide/plugins/com.st.stm32cube.ide.mcu.externaltools.gnu-tools-for-stm32.10.3-2021.10.win32_1.0.0.202111181127/tools/bin/../lib/gcc/arm-none-eabi/10.3.1/../../../../arm-none-eabi/lib/thumb/v7e-m+fp/hard\libc_nano.a(lib_a-init.o)
                0x000000000800e544                __libc_init_array
 .text.memcpy   0x000000000800e58c       0x1c c:/st/stm32cubeide_1.10.1/stm32cubeide/plugins/com.st.stm32cube.ide.mcu.externaltools.gnu-tools-for-stm32.10.3-2021.10.win32_1.0.0.202111181127/tools/bin/../lib/gcc/arm-none-eabi/10.3.1/../../../../arm-none-eabi/lib/thumb/v7e-m+fp/hard\libc_nano.a(lib_a-memcpy-stub.o)
                0x000000000800e58c                memcpy
 .text.memset   0x000000000800e5a8       0x10 c:/st/stm32cubeide_1.10.1/stm32cubeide/plugins/com.st.stm32cube.ide.mcu.externaltools.gnu-tools-for-stm32.10.3-2021.10.win32_1.0.0.202111181127/tools/bin/../lib/gcc/arm-none-eabi/10.3.1/../../../../arm-none-eabi/lib/thumb/v7e-m+fp/hard\libc_nano.a(lib_a-memset.o)
                0x000000000800e5a8                memset
 .text.__cvt    0x000000000800e5b8       0xc4 c:/st/stm32cubeide_1.10.1/stm32cubeide/plugins/com.st.stm32cube.ide.mcu.externaltools.gnu-tools-for-stm32.10.3-2021.10.win32_1.0.0.202111181127/tools/bin/../lib/gcc/arm-none-eabi/10.3.1/../../../../arm-none-eabi/lib/thumb/v7e-m+fp/hard\libc_nano.a(lib_a-nano-vfprintf_float.o)
                0x000000000800e5b8                __cvt
 .text.__exponent
                0x000000000800e67c       0x7c c:/st/stm32cubeide_1.10.1/stm32cubeide/plugins/com.st.stm32cube.ide.mcu.externaltools.gnu-tools-for-stm32.10.3-2021.10.win32_1.0.0.202111181127/tools/bin/../lib/gcc/arm-none-eabi/10.3.1/../../../../arm-none-eabi/lib/thumb/v7e-m+fp/hard\libc_nano.a(lib_a-nano-vfprintf_float.o)
                0x000000000800e67c                __exponent
 .text._printf_float
                0x000000000800e6f8      0x46c c:/st/stm32cubeide_1.10.1/stm32cubeide/plugins/com.st.stm32cube.ide.mcu.externaltools.gnu-tools-for-stm32.10.3-2021.10.win32_1.0.0.202111181127/tools/bin/../lib/gcc/arm-none-eabi/10.3.1/../../../../arm-none-eabi/lib/thumb/v7e-m+fp/hard\libc_nano.a(lib_a-nano-vfprintf_float.o)
                0x000000000800e6f8                _printf_float
 .text._printf_common
                0x000000000800eb64       0xda c:/st/stm32cubeide_1.10.1/stm32cubeide/plugins/com.st.stm32cube.ide.mcu.externaltools.gnu-tools-for-stm32.10.3-2021.10.win32_1.0.0.202111181127/tools/bin/../lib/gcc/arm-none-eabi/10.3.1/../../../../arm-none-eabi/lib/thumb/v7e-m+fp/hard\libc_nano.a(lib_a-nano-vfprintf_i.o)
                0x000000000800eb64                _printf_common
 *fill*         0x000000000800ec3e        0x2 
 .text._printf_i
                0x000000000800ec40      0x24c c:/st/stm32cubeide_1.10.1/stm32cubeide/plugins/com.st.stm32cube.ide.mcu.externaltools.gnu-tools-for-stm32.10.3-2021.10.win32_1.0.0.202111181127/tools/bin/../lib/gcc/arm-none-eabi/10.3.1/../../../../arm-none-eabi/lib/thumb/v7e-m+fp/hard\libc_nano.a(lib_a-nano-vfprintf_i.o)
                0x000000000800ec40                _printf_i
 .text.snprintf
                0x000000000800ee8c       0x68 c:/st/stm32cubeide_1.10.1/stm32cubeide/plugins/com.st.stm32cube.ide.mcu.externaltools.gnu-tools-for-stm32.10.3-2021.10.win32_1.0.0.202111181127/tools/bin/../lib/gcc/arm-none-eabi/10.3.1/../../../../arm-none-eabi/lib/thumb/v7e-m+fp/hard\libc_nano.a(lib_a-snprintf.o)
                0x000000000800ee8c                sniprintf
                0x000000000800ee8c                snprintf
 .text.sprintf  0x000000000800eef4       0x40 c:/st/stm32cubeide_1.10.1/stm32cubeide/plugins/com.st.stm32cube.ide.mcu.externaltools.gnu-tools-for-stm32.10.3-2021.10.win32_1.0.0.202111181127/tools/bin/../lib/gcc/arm-none-eabi/10.3.1/../../../../arm-none-eabi/lib/thumb/v7e-m+fp/hard\libc_nano.a(lib_a-sprintf.o)
                0x000000000800eef4                siprintf
                0x000000000800eef4                sprintf
 .text.sscanf   0x000000000800ef34       0x58 c:/st/stm32cubeide_1.10.1/stm32cubeide/plugins/com.st.stm32cube.ide.mcu.externaltools.gnu-tools-for-stm32.10.3-2021.10.win32_1.0.0.202111181127/tools/bin/../lib/gcc/arm-none-eabi/10.3.1/../../../../arm-none-eabi/lib/thumb/v7e-m+fp/hard\libc_nano.a(lib_a-sscanf.o)
                0x000000000800ef34                siscanf
                0x000000000800ef34                sscanf
 .text.__sread  0x000000000800ef8c       0x22 c:/st/stm32cubeide_1.10.1/stm32cubeide/plugins/com.st.stm32cube.ide.mcu.externaltools.gnu-tools-for-stm32.10.3-2021.10.win32_1.0.0.202111181127/tools/bin/../lib/gcc/arm-none-eabi/10.3.1/../../../../arm-none-eabi/lib/thumb/v7e-m+fp/hard\libc_nano.a(lib_a-stdio.o)
                0x000000000800ef8c                __sread
 .text.__seofread
                0x000000000800efae        0x4 c:/st/stm32cubeide_1.10.1/stm32cubeide/plugins/com.st.stm32cube.ide.mcu.externaltools.gnu-tools-for-stm32.10.3-2021.10.win32_1.0.0.202111181127/tools/bin/../lib/gcc/arm-none-eabi/10.3.1/../../../../arm-none-eabi/lib/thumb/v7e-m+fp/hard\libc_nano.a(lib_a-stdio.o)
                0x000000000800efae                __seofread
 .text.__swrite
                0x000000000800efb2       0x38 c:/st/stm32cubeide_1.10.1/stm32cubeide/plugins/com.st.stm32cube.ide.mcu.externaltools.gnu-tools-for-stm32.10.3-2021.10.win32_1.0.0.202111181127/tools/bin/../lib/gcc/arm-none-eabi/10.3.1/../../../../arm-none-eabi/lib/thumb/v7e-m+fp/hard\libc_nano.a(lib_a-stdio.o)
                0x000000000800efb2                __swrite
 .text.__sseek  0x000000000800efea       0x24 c:/st/stm32cubeide_1.10.1/stm32cubeide/plugins/com.st.stm32cube.ide.mcu.externaltools.gnu-tools-for-stm32.10.3-2021.10.win32_1.0.0.202111181127/tools/bin/../lib/gcc/arm-none-eabi/10.3.1/../../../../arm-none-eabi/lib/thumb/v7e-m+fp/hard\libc_nano.a(lib_a-stdio.o)
                0x000000000800efea                __sseek
 .text.__sclose
                0x000000000800f00e        0x8 c:/st/stm32cubeide_1.10.1/stm32cubeide/plugins/com.st.stm32cube.ide.mcu.externaltools.gnu-tools-for-stm32.10.3-2021.10.win32_1.0.0.202111181127/tools/bin/../lib/gcc/arm-none-eabi/10.3.1/../../../../arm-none-eabi/lib/thumb/v7e-m+fp/hard\libc_nano.a(lib_a-stdio.o)
                0x000000000800f00e                __sclose
 .text.strncpy  0x000000000800f016       0x26 c:/st/stm32cubeide_1.10.1/stm32cubeide/plugins/com.st.stm32cube.ide.mcu.externaltools.gnu-tools-for-stm32.10.3-2021.10.win32_1.0.0.202111181127/tools/bin/../lib/gcc/arm-none-eabi/10.3.1/../../../../arm-none-eabi/lib/thumb/v7e-m+fp/hard\libc_nano.a(lib_a-strncpy.o)
                0x000000000800f016                strncpy
 .text._write_r
                0x000000000800f03c       0x24 c:/st/stm32cubeide_1.10.1/stm32cubeide/plugins/com.st.stm32cube.ide.mcu.externaltools.gnu-tools-for-stm32.10.3-2021.10.win32_1.0.0.202111181127/tools/bin/../lib/gcc/arm-none-eabi/10.3.1/../../../../arm-none-eabi/lib/thumb/v7e-m+fp/hard\libc_nano.a(lib_a-writer.o)
                0x000000000800f03c                _write_r
 .text._close_r
                0x000000000800f060       0x20 c:/st/stm32cubeide_1.10.1/stm32cubeide/plugins/com.st.stm32cube.ide.mcu.externaltools.gnu-tools-for-stm32.10.3-2021.10.win32_1.0.0.202111181127/tools/bin/../lib/gcc/arm-none-eabi/10.3.1/../../../../arm-none-eabi/lib/thumb/v7e-m+fp/hard\libc_nano.a(lib_a-closer.o)
                0x000000000800f060                _close_r
 .text.quorem   0x000000000800f080      0x116 c:/st/stm32cubeide_1.10.1/stm32cubeide/plugins/com.st.stm32cube.ide.mcu.externaltools.gnu-tools-for-stm32.10.3-2021.10.win32_1.0.0.202111181127/tools/bin/../lib/gcc/arm-none-eabi/10.3.1/../../../../arm-none-eabi/lib/thumb/v7e-m+fp/hard\libc_nano.a(lib_a-dtoa.o)
 *fill*         0x000000000800f196        0x2 
 .text._dtoa_r  0x000000000800f198      0xbdc c:/st/stm32cubeide_1.10.1/stm32cubeide/plugins/com.st.stm32cube.ide.mcu.externaltools.gnu-tools-for-stm32.10.3-2021.10.win32_1.0.0.202111181127/tools/bin/../lib/gcc/arm-none-eabi/10.3.1/../../../../arm-none-eabi/lib/thumb/v7e-m+fp/hard\libc_nano.a(lib_a-dtoa.o)
                0x000000000800f198                _dtoa_r
 .text._localeconv_r
                0x000000000800fd74        0x8 c:/st/stm32cubeide_1.10.1/stm32cubeide/plugins/com.st.stm32cube.ide.mcu.externaltools.gnu-tools-for-stm32.10.3-2021.10.win32_1.0.0.202111181127/tools/bin/../lib/gcc/arm-none-eabi/10.3.1/../../../../arm-none-eabi/lib/thumb/v7e-m+fp/hard\libc_nano.a(lib_a-localeconv.o)
                0x000000000800fd74                _localeconv_r
 .text._lseek_r
                0x000000000800fd7c       0x24 c:/st/stm32cubeide_1.10.1/stm32cubeide/plugins/com.st.stm32cube.ide.mcu.externaltools.gnu-tools-for-stm32.10.3-2021.10.win32_1.0.0.202111181127/tools/bin/../lib/gcc/arm-none-eabi/10.3.1/../../../../arm-none-eabi/lib/thumb/v7e-m+fp/hard\libc_nano.a(lib_a-lseekr.o)
                0x000000000800fd7c                _lseek_r
 .text.malloc   0x000000000800fda0       0x10 c:/st/stm32cubeide_1.10.1/stm32cubeide/plugins/com.st.stm32cube.ide.mcu.externaltools.gnu-tools-for-stm32.10.3-2021.10.win32_1.0.0.202111181127/tools/bin/../lib/gcc/arm-none-eabi/10.3.1/../../../../arm-none-eabi/lib/thumb/v7e-m+fp/hard\libc_nano.a(lib_a-malloc.o)
                0x000000000800fda0                malloc
 .text._Balloc  0x000000000800fdb0       0x80 c:/st/stm32cubeide_1.10.1/stm32cubeide/plugins/com.st.stm32cube.ide.mcu.externaltools.gnu-tools-for-stm32.10.3-2021.10.win32_1.0.0.202111181127/tools/bin/../lib/gcc/arm-none-eabi/10.3.1/../../../../arm-none-eabi/lib/thumb/v7e-m+fp/hard\libc_nano.a(lib_a-mprec.o)
                0x000000000800fdb0                _Balloc
 .text._Bfree   0x000000000800fe30       0x44 c:/st/stm32cubeide_1.10.1/stm32cubeide/plugins/com.st.stm32cube.ide.mcu.externaltools.gnu-tools-for-stm32.10.3-2021.10.win32_1.0.0.202111181127/tools/bin/../lib/gcc/arm-none-eabi/10.3.1/../../../../arm-none-eabi/lib/thumb/v7e-m+fp/hard\libc_nano.a(lib_a-mprec.o)
                0x000000000800fe30                _Bfree
 .text.__multadd
                0x000000000800fe74       0x8c c:/st/stm32cubeide_1.10.1/stm32cubeide/plugins/com.st.stm32cube.ide.mcu.externaltools.gnu-tools-for-stm32.10.3-2021.10.win32_1.0.0.202111181127/tools/bin/../lib/gcc/arm-none-eabi/10.3.1/../../../../arm-none-eabi/lib/thumb/v7e-m+fp/hard\libc_nano.a(lib_a-mprec.o)
                0x000000000800fe74                __multadd
 .text.__hi0bits
                0x000000000800ff00       0x40 c:/st/stm32cubeide_1.10.1/stm32cubeide/plugins/com.st.stm32cube.ide.mcu.externaltools.gnu-tools-for-stm32.10.3-2021.10.win32_1.0.0.202111181127/tools/bin/../lib/gcc/arm-none-eabi/10.3.1/../../../../arm-none-eabi/lib/thumb/v7e-m+fp/hard\libc_nano.a(lib_a-mprec.o)
                0x000000000800ff00                __hi0bits
 .text.__lo0bits
                0x000000000800ff40       0x5e c:/st/stm32cubeide_1.10.1/stm32cubeide/plugins/com.st.stm32cube.ide.mcu.externaltools.gnu-tools-for-stm32.10.3-2021.10.win32_1.0.0.202111181127/tools/bin/../lib/gcc/arm-none-eabi/10.3.1/../../../../arm-none-eabi/lib/thumb/v7e-m+fp/hard\libc_nano.a(lib_a-mprec.o)
                0x000000000800ff40                __lo0bits
 *fill*         0x000000000800ff9e        0x2 
 .text.__i2b    0x000000000800ffa0       0x2c c:/st/stm32cubeide_1.10.1/stm32cubeide/plugins/com.st.stm32cube.ide.mcu.externaltools.gnu-tools-for-stm32.10.3-2021.10.win32_1.0.0.202111181127/tools/bin/../lib/gcc/arm-none-eabi/10.3.1/../../../../arm-none-eabi/lib/thumb/v7e-m+fp/hard\libc_nano.a(lib_a-mprec.o)
                0x000000000800ffa0                __i2b
 .text.__multiply
                0x000000000800ffcc      0x154 c:/st/stm32cubeide_1.10.1/stm32cubeide/plugins/com.st.stm32cube.ide.mcu.externaltools.gnu-tools-for-stm32.10.3-2021.10.win32_1.0.0.202111181127/tools/bin/../lib/gcc/arm-none-eabi/10.3.1/../../../../arm-none-eabi/lib/thumb/v7e-m+fp/hard\libc_nano.a(lib_a-mprec.o)
                0x000000000800ffcc                __multiply
 .text.__pow5mult
                0x0000000008010120       0xb4 c:/st/stm32cubeide_1.10.1/stm32cubeide/plugins/com.st.stm32cube.ide.mcu.externaltools.gnu-tools-for-stm32.10.3-2021.10.win32_1.0.0.202111181127/tools/bin/../lib/gcc/arm-none-eabi/10.3.1/../../../../arm-none-eabi/lib/thumb/v7e-m+fp/hard\libc_nano.a(lib_a-mprec.o)
                0x0000000008010120                __pow5mult
 .text.__lshift
                0x00000000080101d4       0xe0 c:/st/stm32cubeide_1.10.1/stm32cubeide/plugins/com.st.stm32cube.ide.mcu.externaltools.gnu-tools-for-stm32.10.3-2021.10.win32_1.0.0.202111181127/tools/bin/../lib/gcc/arm-none-eabi/10.3.1/../../../../arm-none-eabi/lib/thumb/v7e-m+fp/hard\libc_nano.a(lib_a-mprec.o)
                0x00000000080101d4                __lshift
 .text.__mcmp   0x00000000080102b4       0x38 c:/st/stm32cubeide_1.10.1/stm32cubeide/plugins/com.st.stm32cube.ide.mcu.externaltools.gnu-tools-for-stm32.10.3-2021.10.win32_1.0.0.202111181127/tools/bin/../lib/gcc/arm-none-eabi/10.3.1/../../../../arm-none-eabi/lib/thumb/v7e-m+fp/hard\libc_nano.a(lib_a-mprec.o)
                0x00000000080102b4                __mcmp
 .text.__mdiff  0x00000000080102ec      0x114 c:/st/stm32cubeide_1.10.1/stm32cubeide/plugins/com.st.stm32cube.ide.mcu.externaltools.gnu-tools-for-stm32.10.3-2021.10.win32_1.0.0.202111181127/tools/bin/../lib/gcc/arm-none-eabi/10.3.1/../../../../arm-none-eabi/lib/thumb/v7e-m+fp/hard\libc_nano.a(lib_a-mprec.o)
                0x00000000080102ec                __mdiff
 .text.__d2b    0x0000000008010400       0xb8 c:/st/stm32cubeide_1.10.1/stm32cubeide/plugins/com.st.stm32cube.ide.mcu.externaltools.gnu-tools-for-stm32.10.3-2021.10.win32_1.0.0.202111181127/tools/bin/../lib/gcc/arm-none-eabi/10.3.1/../../../../arm-none-eabi/lib/thumb/v7e-m+fp/hard\libc_nano.a(lib_a-mprec.o)
                0x0000000008010400                __d2b
 .text._calloc_r
                0x00000000080104b8       0x2c c:/st/stm32cubeide_1.10.1/stm32cubeide/plugins/com.st.stm32cube.ide.mcu.externaltools.gnu-tools-for-stm32.10.3-2021.10.win32_1.0.0.202111181127/tools/bin/../lib/gcc/arm-none-eabi/10.3.1/../../../../arm-none-eabi/lib/thumb/v7e-m+fp/hard\libc_nano.a(lib_a-nano-callocr.o)
                0x00000000080104b8                _calloc_r
 .text._free_r  0x00000000080104e4       0x98 c:/st/stm32cubeide_1.10.1/stm32cubeide/plugins/com.st.stm32cube.ide.mcu.externaltools.gnu-tools-for-stm32.10.3-2021.10.win32_1.0.0.202111181127/tools/bin/../lib/gcc/arm-none-eabi/10.3.1/../../../../arm-none-eabi/lib/thumb/v7e-m+fp/hard\libc_nano.a(lib_a-nano-freer.o)
                0x00000000080104e4                _free_r
 .text.sbrk_aligned
                0x000000000801057c       0x40 c:/st/stm32cubeide_1.10.1/stm32cubeide/plugins/com.st.stm32cube.ide.mcu.externaltools.gnu-tools-for-stm32.10.3-2021.10.win32_1.0.0.202111181127/tools/bin/../lib/gcc/arm-none-eabi/10.3.1/../../../../arm-none-eabi/lib/thumb/v7e-m+fp/hard\libc_nano.a(lib_a-nano-mallocr.o)
 .text._malloc_r
                0x00000000080105bc       0xe8 c:/st/stm32cubeide_1.10.1/stm32cubeide/plugins/com.st.stm32cube.ide.mcu.externaltools.gnu-tools-for-stm32.10.3-2021.10.win32_1.0.0.202111181127/tools/bin/../lib/gcc/arm-none-eabi/10.3.1/../../../../arm-none-eabi/lib/thumb/v7e-m+fp/hard\libc_nano.a(lib_a-nano-mallocr.o)
                0x00000000080105bc                _malloc_r
 .text.__ssputs_r
                0x00000000080106a4       0xb6 c:/st/stm32cubeide_1.10.1/stm32cubeide/plugins/com.st.stm32cube.ide.mcu.externaltools.gnu-tools-for-stm32.10.3-2021.10.win32_1.0.0.202111181127/tools/bin/../lib/gcc/arm-none-eabi/10.3.1/../../../../arm-none-eabi/lib/thumb/v7e-m+fp/hard\libc_nano.a(lib_a-nano-svfprintf.o)
                0x00000000080106a4                __ssputs_r
 *fill*         0x000000000801075a        0x2 
 .text._svfprintf_r
                0x000000000801075c      0x200 c:/st/stm32cubeide_1.10.1/stm32cubeide/plugins/com.st.stm32cube.ide.mcu.externaltools.gnu-tools-for-stm32.10.3-2021.10.win32_1.0.0.202111181127/tools/bin/../lib/gcc/arm-none-eabi/10.3.1/../../../../arm-none-eabi/lib/thumb/v7e-m+fp/hard\libc_nano.a(lib_a-nano-svfprintf.o)
                0x000000000801075c                _svfiprintf_r
                0x000000000801075c                _svfprintf_r
 .text._sungetc_r
                0x000000000801095c       0x7a c:/st/stm32cubeide_1.10.1/stm32cubeide/plugins/com.st.stm32cube.ide.mcu.externaltools.gnu-tools-for-stm32.10.3-2021.10.win32_1.0.0.202111181127/tools/bin/../lib/gcc/arm-none-eabi/10.3.1/../../../../arm-none-eabi/lib/thumb/v7e-m+fp/hard\libc_nano.a(lib_a-nano-svfscanf.o)
                0x000000000801095c                _sungetc_r
 .text.__ssrefill_r
                0x00000000080109d6       0x3a c:/st/stm32cubeide_1.10.1/stm32cubeide/plugins/com.st.stm32cube.ide.mcu.externaltools.gnu-tools-for-stm32.10.3-2021.10.win32_1.0.0.202111181127/tools/bin/../lib/gcc/arm-none-eabi/10.3.1/../../../../arm-none-eabi/lib/thumb/v7e-m+fp/hard\libc_nano.a(lib_a-nano-svfscanf.o)
                0x00000000080109d6                __ssrefill_r
 .text.__ssvfscanf_r
                0x0000000008010a10      0x2f0 c:/st/stm32cubeide_1.10.1/stm32cubeide/plugins/com.st.stm32cube.ide.mcu.externaltools.gnu-tools-for-stm32.10.3-2021.10.win32_1.0.0.202111181127/tools/bin/../lib/gcc/arm-none-eabi/10.3.1/../../../../arm-none-eabi/lib/thumb/v7e-m+fp/hard\libc_nano.a(lib_a-nano-svfscanf.o)
                0x0000000008010a10                __ssvfiscanf_r
                0x0000000008010a10                __ssvfscanf_r
 .text._scanf_chars
                0x0000000008010d00       0xb4 c:/st/stm32cubeide_1.10.1/stm32cubeide/plugins/com.st.stm32cube.ide.mcu.externaltools.gnu-tools-for-stm32.10.3-2021.10.win32_1.0.0.202111181127/tools/bin/../lib/gcc/arm-none-eabi/10.3.1/../../../../arm-none-eabi/lib/thumb/v7e-m+fp/hard\libc_nano.a(lib_a-nano-vfscanf_i.o)
                0x0000000008010d00                _scanf_chars
 .text._scanf_i